<html>
<body>
<pre>
<h1>µVision Build Log</h1>
<h2>Tool Versions:</h2>
IDE-Version: µVision V5.27.1.0
Copyright (C) 2019 ARM Ltd and ARM Germany GmbH. All rights reserved.
License Information: N/A N/A, N/A, LIC=RJWI8-3WNYF-GYDV0-Y4BF1-66TN8-REK4X
 
Tool Versions:
Toolchain:       DK-ARM Developers Kit  Version: 5.27.1.0
Toolchain Path:  C:\Keil_v5\ARM\ARMCC\Bin
C Compiler:      Armcc.exe V5.06 update 6 (build 750)
Assembler:       Armasm.exe V5.06 update 6 (build 750)
Linker/Locator:  ArmLink.exe V5.06 update 6 (build 750)
Library Manager: ArmAr.exe V5.06 update 6 (build 750)
Hex Converter:   FromElf.exe V5.06 update 6 (build 750)
CPU DLL:         SARMCM3.DLL V5.27.1.0
Dialog DLL:      DCM.DLL V1.17.2.0
Target DLL:      STLink\ST-LINKIII-KEIL_SWO.dll V3.0.6.0
Dialog DLL:      TCM.DLL V1.36.1.0
 
<h2>Project:</h2>
C:\Users\MICROPLUS\Desktop\Mywork\CANopentest\MDK-ARM\CANopentest.uvprojx
Project File Date:  06/12/2019

<h2>Output:</h2>
*** Using Compiler 'V5.06 update 6 (build 750)', folder: 'C:\Keil_v5\ARM\ARMCC\Bin'
Rebuild target 'CANopentest'
assembling startup_stm32f407xx.s...
compiling canopen.c...
compiling freertos.c...
compiling main.c...
../Src/main.c(352): warning:  #223-D: function "printf" declared implicitly
  			printf("CAN transmit error.\n");
../Src/main.c(354): warning:  #223-D: function "printf" declared implicitly
  			printf("CAN transmit OK.\n");			
../Src/main.c: 2 warnings, 0 errors
compiling stm32f4xx_hal_timebase_tim.c...
compiling stm32f4xx_hal_msp.c...
compiling stm32f4xx_it.c...
../Src/stm32f4xx_it.c(175): warning:  #177-D: variable "RxHeader"  was declared but never referenced
  	CAN_RxHeaderTypeDef   RxHeader;
../Src/stm32f4xx_it.c: 1 warning, 0 errors
compiling stm32f4xx_hal_can.c...
compiling stm32f4xx_hal_tim_ex.c...
compiling stm32f4xx_hal_tim.c...
compiling stm32f4xx_hal_uart.c...
compiling stm32f4xx_hal_rcc.c...
compiling stm32f4xx_hal_rcc_ex.c...
compiling stm32f4xx_hal_flash.c...
compiling stm32f4xx_hal_flash_ex.c...
compiling stm32f4xx_hal_flash_ramfunc.c...
compiling stm32f4xx_hal_gpio.c...
compiling stm32f4xx_hal_dma.c...
compiling stm32f4xx_hal_dma_ex.c...
compiling stm32f4xx_hal_pwr.c...
compiling stm32f4xx_hal_cortex.c...
compiling stm32f4xx_hal_pwr_ex.c...
compiling stm32f4xx_hal.c...
compiling croutine.c...
compiling event_groups.c...
compiling list.c...
compiling queue.c...
compiling stream_buffer.c...
compiling tasks.c...
compiling stm32f4xx_hal_exti.c...
compiling system_stm32f4xx.c...
compiling timers.c...
compiling heap_4.c...
compiling cmsis_os.c...
compiling port.c...
compiling dcf.c...
..\Middlewares\Third_Party\CanFestival\src\dcf.c(101): warning:  #177-D: variable "node"  was declared but never referenced
      UNS8 buf[4], match = 0, node;
..\Middlewares\Third_Party\CanFestival\src\dcf.c: 1 warning, 0 errors
compiling emcy.c...
compiling lifegrd.c...
compiling lss.c...
compiling nmtMaster.c...
compiling nmtSlave.c...
compiling objacces.c...
compiling pdo.c...
compiling sdo.c...
..\Middlewares\Third_Party\CanFestival\src\sdo.c(2033): warning:  #550-D: variable "i"  was set but never used
  	UNS8 i;
..\Middlewares\Third_Party\CanFestival\src\sdo.c(2195): warning:  #550-D: variable "i"  was set but never used
  	UNS8 i;
..\Middlewares\Third_Party\CanFestival\src\sdo.c: 2 warnings, 0 errors
compiling states.c...
compiling sync.c...
compiling timer.c...
compiling can_STM32.c...
compiling timer_STM32.c...
compiling MySlave.c...
..\Middlewares\Third_Party\CanFestival\objdict\MySlave.c(574): warning:  #144-D: a value of type "const indextable *(*)(CO_Data *, unsigned short, unsigned long *)" cannot be used to initialize an entity of type "scanIndexOD_t"
  CO_Data MySlave_Data = CANOPEN_NODE_DATA_INITIALIZER(MySlave);
..\Middlewares\Third_Party\CanFestival\objdict\MySlave.c: 1 warning, 0 errors
linking...
Program Size: Code=23804 RO-data=788 RW-data=2608 ZI-data=17904  
FromELF: creating hex file...
"CANopentest\CANopentest.axf" - 0 Error(s), 7 Warning(s).

<h2>Software Packages used:</h2>

Package Vendor: ARM
                http://www.keil.com/pack/ARM.CMSIS.5.5.1.pack
                ARM.CMSIS.5.5.1
                CMSIS (Cortex Microcontroller Software Interface Standard)
   * Component: CORE Version: 5.2.0

Package Vendor: Keil
                http://www.keil.com/pack/Keil.STM32F4xx_DFP.2.13.0.pack
                Keil.STM32F4xx_DFP.2.13.0
                STMicroelectronics STM32F4 Series Device Support, Drivers and Examples

<h2>Collection of Component include folders:</h2>
  .\RTE\_CANopentest
  C:\Users\MICROPLUS\AppData\Local\Arm\Packs\ARM\CMSIS\5.5.1\CMSIS\Core\Include
  C:\Users\MICROPLUS\AppData\Local\Arm\Packs\Keil\STM32F4xx_DFP\2.13.0\Drivers\CMSIS\Device\ST\STM32F4xx\Include

<h2>Collection of Component Files used:</h2>

   * Component: ARM::CMSIS:CORE:5.2.0
Build Time Elapsed:  00:02:00
</pre>
</body>
</html>
