Component: ARM Compiler 5.06 update 6 (build 750) Tool: armlink [4d35ed]

==============================================================================

Section Cross References

    startup_stm32f407xx.o(RESET) refers to startup_stm32f407xx.o(STACK) for __initial_sp
    startup_stm32f407xx.o(RESET) refers to startup_stm32f407xx.o(.text) for Reset_Handler
    startup_stm32f407xx.o(RESET) refers to stm32f4xx_it.o(i.NMI_Handler) for NMI_Handler
    startup_stm32f407xx.o(RESET) refers to stm32f4xx_it.o(i.HardFault_Handler) for HardFault_Handler
    startup_stm32f407xx.o(RESET) refers to stm32f4xx_it.o(i.MemManage_Handler) for MemManage_Handler
    startup_stm32f407xx.o(RESET) refers to stm32f4xx_it.o(i.BusFault_Handler) for BusFault_Handler
    startup_stm32f407xx.o(RESET) refers to stm32f4xx_it.o(i.UsageFault_Handler) for UsageFault_Handler
    startup_stm32f407xx.o(RESET) refers to port.o(.emb_text) for SVC_Handler
    startup_stm32f407xx.o(RESET) refers to stm32f4xx_it.o(i.DebugMon_Handler) for DebugMon_Handler
    startup_stm32f407xx.o(RESET) refers to port.o(i.SysTick_Handler) for SysTick_Handler
    startup_stm32f407xx.o(RESET) refers to stm32f4xx_it.o(i.CAN1_RX0_IRQHandler) for CAN1_RX0_IRQHandler
    startup_stm32f407xx.o(RESET) refers to stm32f4xx_it.o(i.TIM1_UP_TIM10_IRQHandler) for TIM1_UP_TIM10_IRQHandler
    startup_stm32f407xx.o(RESET) refers to stm32f4xx_it.o(i.USART1_IRQHandler) for USART1_IRQHandler
    startup_stm32f407xx.o(.text) refers to system_stm32f4xx_1.o(i.SystemInit) for SystemInit
    startup_stm32f407xx.o(.text) refers to entry.o(.ARM.Collect$$$$00000000) for __main
    canopen.o(i.canopen_dataprocess_thread) refers to timer_stm32.o(i.initTimer) for initTimer
    canopen.o(i.canopen_dataprocess_thread) refers to states.o(i.setNodeId) for setNodeId
    canopen.o(i.canopen_dataprocess_thread) refers to states.o(i.setState) for setState
    canopen.o(i.canopen_dataprocess_thread) refers to printf5.o(i.__0printf$5) for __2printf
    canopen.o(i.canopen_dataprocess_thread) refers to queue.o(i.xQueueGenericCreate) for xQueueGenericCreate
    canopen.o(i.canopen_dataprocess_thread) refers to queue.o(i.xQueueReceive) for xQueueReceive
    canopen.o(i.canopen_dataprocess_thread) refers to tasks.o(i.vTaskDelay) for vTaskDelay
    canopen.o(i.canopen_dataprocess_thread) refers to states.o(i.canDispatch) for canDispatch
    canopen.o(i.canopen_dataprocess_thread) refers to myslave.o(.data) for MySlave_Data
    canopen.o(i.canopen_dataprocess_thread) refers to canopen.o(.data) for .data
    canopen.o(i.canopen_dataprocess_thread) refers to main.o(.bss) for hcan1
    main.o(i.HAL_TIM_PeriodElapsedCallback) refers to stm32f4xx_hal.o(i.HAL_IncTick) for HAL_IncTick
    main.o(i.MX_CAN1_Init) refers to stm32f4xx_hal_can.o(i.HAL_CAN_Init) for HAL_CAN_Init
    main.o(i.MX_CAN1_Init) refers to main.o(.bss) for .bss
    main.o(i.MX_CAN2_Init) refers to stm32f4xx_hal_can.o(i.HAL_CAN_Init) for HAL_CAN_Init
    main.o(i.MX_CAN2_Init) refers to main.o(.bss) for .bss
    main.o(i.StartDefaultTask) refers to stm32f4xx_hal_can.o(i.HAL_CAN_AddTxMessage) for HAL_CAN_AddTxMessage
    main.o(i.StartDefaultTask) refers to printf5.o(i.__0printf$5) for __2printf
    main.o(i.StartDefaultTask) refers to cmsis_os.o(i.osDelay) for osDelay
    main.o(i.StartDefaultTask) refers to main.o(.bss) for .bss
    main.o(i.StartDefaultTask) refers to main.o(.data) for .data
    main.o(i.SystemClock_Config) refers to memseta.o(.text) for __aeabi_memclr4
    main.o(i.SystemClock_Config) refers to stm32f4xx_hal_rcc.o(i.HAL_RCC_OscConfig) for HAL_RCC_OscConfig
    main.o(i.SystemClock_Config) refers to stm32f4xx_hal_rcc.o(i.HAL_RCC_ClockConfig) for HAL_RCC_ClockConfig
    main.o(i.main) refers to stm32f4xx_hal.o(i.HAL_Init) for HAL_Init
    main.o(i.main) refers to main.o(i.SystemClock_Config) for SystemClock_Config
    main.o(i.main) refers to main.o(i.MX_CAN1_Init) for MX_CAN1_Init
    main.o(i.main) refers to main.o(i.MX_CAN2_Init) for MX_CAN2_Init
    main.o(i.main) refers to stm32f4xx_hal_uart.o(i.HAL_UART_Init) for HAL_UART_Init
    main.o(i.main) refers to memcpya.o(.text) for __aeabi_memcpy4
    main.o(i.main) refers to cmsis_os.o(i.osThreadCreate) for osThreadCreate
    main.o(i.main) refers to cmsis_os.o(i.osKernelStart) for osKernelStart
    main.o(i.main) refers to main.o(.bss) for .bss
    main.o(i.main) refers to main.o(.constdata) for .constdata
    main.o(i.main) refers to main.o(.data) for .data
    main.o(.constdata) refers to main.o(.conststring) for .conststring
    main.o(.constdata) refers to main.o(i.StartDefaultTask) for StartDefaultTask
    main.o(.constdata) refers to canopen.o(i.canopen_dataprocess_thread) for canopen_dataprocess_thread
    freertos.o(i.vApplicationGetIdleTaskMemory) refers to freertos.o(.bss) for .bss
    stm32f4xx_it.o(i.CAN1_RX0_IRQHandler) refers to stm32f4xx_hal_can.o(i.HAL_CAN_IRQHandler) for HAL_CAN_IRQHandler
[...]
    _main_cpp_init                           0x08000191   Thumb Code     0  entry8b.o(.ARM.Collect$$$$0000000A)
    _main_init                               0x08000191   Thumb Code     0  entry9a.o(.ARM.Collect$$$$0000000B)
    __rt_final_cpp                           0x08000199   Thumb Code     0  entry10a.o(.ARM.Collect$$$$0000000D)
    __rt_final_exit                          0x08000199   Thumb Code     0  entry11a.o(.ARM.Collect$$$$0000000F)
    SVC_Handler                              0x0800019d   Thumb Code    28  port.o(.emb_text)
    __asm___6_port_c_39a90d8d__prvStartFirstTask 0x080001bd   Thumb Code    36  port.o(.emb_text)
    __asm___6_port_c_39a90d8d__prvEnableVFP  0x080001e5   Thumb Code    16  port.o(.emb_text)
    PendSV_Handler                           0x080001f9   Thumb Code    88  port.o(.emb_text)
    vPortGetIPSR                             0x08000255   Thumb Code     6  port.o(.emb_text)
    Reset_Handler                            0x0800025d   Thumb Code     8  startup_stm32f407xx.o(.text)
    ADC_IRQHandler                           0x08000277   Thumb Code     0  startup_stm32f407xx.o(.text)
    CAN1_RX1_IRQHandler                      0x08000277   Thumb Code     0  startup_stm32f407xx.o(.text)
    CAN1_SCE_IRQHandler                      0x08000277   Thumb Code     0  startup_stm32f407xx.o(.text)
    CAN1_TX_IRQHandler                       0x08000277   Thumb Code     0  startup_stm32f407xx.o(.text)
    CAN2_RX0_IRQHandler                      0x08000277   Thumb Code     0  startup_stm32f407xx.o(.text)
    CAN2_RX1_IRQHandler                      0x08000277   Thumb Code     0  startup_stm32f407xx.o(.text)
    CAN2_SCE_IRQHandler                      0x08000277   Thumb Code     0  startup_stm32f407xx.o(.text)
    CAN2_TX_IRQHandler                       0x08000277   Thumb Code     0  startup_stm32f407xx.o(.text)
    DCMI_IRQHandler                          0x08000277   Thumb Code     0  startup_stm32f407xx.o(.text)
    DMA1_Stream0_IRQHandler                  0x08000277   Thumb Code     0  startup_stm32f407xx.o(.text)
    DMA1_Stream1_IRQHandler                  0x08000277   Thumb Code     0  startup_stm32f407xx.o(.text)
    DMA1_Stream2_IRQHandler                  0x08000277   Thumb Code     0  startup_stm32f407xx.o(.text)
    DMA1_Stream3_IRQHandler                  0x08000277   Thumb Code     0  startup_stm32f407xx.o(.text)
    DMA1_Stream4_IRQHandler                  0x08000277   Thumb Code     0  startup_stm32f407xx.o(.text)
    DMA1_Stream5_IRQHandler                  0x08000277   Thumb Code     0  startup_stm32f407xx.o(.text)
    DMA1_Stream6_IRQHandler                  0x08000277   Thumb Code     0  startup_stm32f407xx.o(.text)
    DMA1_Stream7_IRQHandler                  0x08000277   Thumb Code     0  startup_stm32f407xx.o(.text)
    DMA2_Stream0_IRQHandler                  0x08000277   Thumb Code     0  startup_stm32f407xx.o(.text)
    DMA2_Stream1_IRQHandler                  0x08000277   Thumb Code     0  startup_stm32f407xx.o(.text)
    DMA2_Stream2_IRQHandler                  0x08000277   Thumb Code     0  startup_stm32f407xx.o(.text)
    DMA2_Stream3_IRQHandler                  0x08000277   Thumb Code     0  startup_stm32f407xx.o(.text)
    DMA2_Stream4_IRQHandler                  0x08000277   Thumb Code     0  startup_stm32f407xx.o(.text)
    DMA2_Stream5_IRQHandler                  0x08000277   Thumb Code     0  startup_stm32f407xx.o(.text)
    DMA2_Stream6_IRQHandler                  0x08000277   Thumb Code     0  startup_stm32f407xx.o(.text)
    DMA2_Stream7_IRQHandler                  0x08000277   Thumb Code     0  startup_stm32f407xx.o(.text)
    ETH_IRQHandler                           0x08000277   Thumb Code     0  startup_stm32f407xx.o(.text)
    ETH_WKUP_IRQHandler                      0x08000277   Thumb Code     0  startup_stm32f407xx.o(.text)
    EXTI0_IRQHandler                         0x08000277   Thumb Code     0  startup_stm32f407xx.o(.text)
    EXTI15_10_IRQHandler                     0x08000277   Thumb Code     0  startup_stm32f407xx.o(.text)
    EXTI1_IRQHandler                         0x08000277   Thumb Code     0  startup_stm32f407xx.o(.text)
    EXTI2_IRQHandler                         0x08000277   Thumb Code     0  startup_stm32f407xx.o(.text)
    EXTI3_IRQHandler                         0x08000277   Thumb Code     0  startup_stm32f407xx.o(.text)
    EXTI4_IRQHandler                         0x08000277   Thumb Code     0  startup_stm32f407xx.o(.text)
    EXTI9_5_IRQHandler                       0x08000277   Thumb Code     0  startup_stm32f407xx.o(.text)
    FLASH_IRQHandler                         0x08000277   Thumb Code     0  startup_stm32f407xx.o(.text)
    FMC_IRQHandler                           0x08000277   Thumb Code     0  startup_stm32f407xx.o(.text)
    FPU_IRQHandler                           0x08000277   Thumb Code     0  startup_stm32f407xx.o(.text)
    HASH_RNG_IRQHandler                      0x08000277   Thumb Code     0  startup_stm32f407xx.o(.text)
    I2C1_ER_IRQHandler                       0x08000277   Thumb Code     0  startup_stm32f407xx.o(.text)
    I2C1_EV_IRQHandler                       0x08000277   Thumb Code     0  startup_stm32f407xx.o(.text)
    I2C2_ER_IRQHandler                       0x08000277   Thumb Code     0  startup_stm32f407xx.o(.text)
    I2C2_EV_IRQHandler                       0x08000277   Thumb Code     0  startup_stm32f407xx.o(.text)
    I2C3_ER_IRQHandler                       0x08000277   Thumb Code     0  startup_stm32f407xx.o(.text)
    I2C3_EV_IRQHandler                       0x08000277   Thumb Code     0  startup_stm32f407xx.o(.text)
    OTG_FS_IRQHandler                        0x08000277   Thumb Code     0  startup_stm32f407xx.o(.text)
    OTG_FS_WKUP_IRQHandler                   0x08000277   Thumb Code     0  startup_stm32f407xx.o(.text)
    OTG_HS_EP1_IN_IRQHandler                 0x08000277   Thumb Code     0  startup_stm32f407xx.o(.text)
    OTG_HS_EP1_OUT_IRQHandler                0x08000277   Thumb Code     0  startup_stm32f407xx.o(.text)
    OTG_HS_IRQHandler                        0x08000277   Thumb Code     0  startup_stm32f407xx.o(.text)
    OTG_HS_WKUP_IRQHandler                   0x08000277   Thumb Code     0  startup_stm32f407xx.o(.text)
    PVD_IRQHandler                           0x08000277   Thumb Code     0  startup_stm32f407xx.o(.text)
    RCC_IRQHandler                           0x08000277   Thumb Code     0  startup_stm32f407xx.o(.text)
    RTC_Alarm_IRQHandler                     0x08000277   Thumb Code     0  startup_stm32f407xx.o(.text)
    RTC_WKUP_IRQHandler                      0x08000277   Thumb Code     0  startup_stm32f407xx.o(.text)
    SDIO_IRQHandler                          0x08000277   Thumb Code     0  startup_stm32f407xx.o(.text)
    SPI1_IRQHandler                          0x08000277   Thumb Code     0  startup_stm32f407xx.o(.text)
    SPI2_IRQHandler                          0x08000277   Thumb Code     0  startup_stm32f407xx.o(.text)
    SPI3_IRQHandler                          0x08000277   Thumb Code     0  startup_stm32f407xx.o(.text)
    TAMP_STAMP_IRQHandler                    0x08000277   Thumb Code     0  startup_stm32f407xx.o(.text)
    TIM1_BRK_TIM9_IRQHandler                 0x08000277   Thumb Code     0  startup_stm32f407xx.o(.text)
    TIM1_CC_IRQHandler                       0x08000277   Thumb Code     0  startup_stm32f407xx.o(.text)
    TIM1_TRG_COM_TIM11_IRQHandler            0x08000277   Thumb Code     0  startup_stm32f407xx.o(.text)
    TIM2_IRQHandler                          0x08000277   Thumb Code     0  startup_stm32f407xx.o(.text)
    TIM3_IRQHandler                          0x08000277   Thumb Code     0  startup_stm32f407xx.o(.text)
    TIM4_IRQHandler                          0x08000277   Thumb Code     0  startup_stm32f407xx.o(.text)
    TIM5_IRQHandler                          0x08000277   Thumb Code     0  startup_stm32f407xx.o(.text)
    TIM6_DAC_IRQHandler                      0x08000277   Thumb Code     0  startup_stm32f407xx.o(.text)
    TIM7_IRQHandler                          0x08000277   Thumb Code     0  startup_stm32f407xx.o(.text)
    TIM8_BRK_TIM12_IRQHandler                0x08000277   Thumb Code     0  startup_stm32f407xx.o(.text)
    TIM8_CC_IRQHandler                       0x08000277   Thumb Code     0  startup_stm32f407xx.o(.text)
    TIM8_TRG_COM_TIM14_IRQHandler            0x08000277   Thumb Code     0  startup_stm32f407xx.o(.text)
    TIM8_UP_TIM13_IRQHandler                 0x08000277   Thumb Code     0  startup_stm32f407xx.o(.text)
    UART4_IRQHandler                         0x08000277   Thumb Code     0  startup_stm32f407xx.o(.text)
    UART5_IRQHandler                         0x08000277   Thumb Code     0  startup_stm32f407xx.o(.text)
    USART2_IRQHandler                        0x08000277   Thumb Code     0  startup_stm32f407xx.o(.text)
    USART3_IRQHandler                        0x08000277   Thumb Code     0  startup_stm32f407xx.o(.text)
    USART6_IRQHandler                        0x08000277   Thumb Code     0  startup_stm32f407xx.o(.text)
    WWDG_IRQHandler                          0x08000277   Thumb Code     0  startup_stm32f407xx.o(.text)
    __aeabi_uldivmod                         0x08000281   Thumb Code    98  uldiv.o(.text)
    __aeabi_memcpy                           0x080002e3   Thumb Code    36  memcpya.o(.text)
    __aeabi_memcpy4                          0x080002e3   Thumb Code     0  memcpya.o(.text)
    __aeabi_memcpy8                          0x080002e3   Thumb Code     0  memcpya.o(.text)
    __aeabi_memset                           0x08000307   Thumb Code    14  memseta.o(.text)
    __aeabi_memset4                          0x08000307   Thumb Code     0  memseta.o(.text)
    __aeabi_memset8                          0x08000307   Thumb Code     0  memseta.o(.text)
    __aeabi_memclr                           0x08000315   Thumb Code     4  memseta.o(.text)
    __aeabi_memclr4                          0x08000315   Thumb Code     0  memseta.o(.text)
    __aeabi_memclr8                          0x08000315   Thumb Code     0  memseta.o(.text)
    memset                                   0x08000319   Thumb Code    18  memseta.o(.text)
    memcmp                                   0x0800032b   Thumb Code    26  memcmp.o(.text)
    __aeabi_llsl                             0x08000345   Thumb Code    30  llshl.o(.text)
    _ll_shift_l                              0x08000345   Thumb Code     0  llshl.o(.text)
    __aeabi_llsr                             0x08000363   Thumb Code    32  llushr.o(.text)
    _ll_ushift_r                             0x08000363   Thumb Code     0  llushr.o(.text)
    __scatterload                            0x08000385   Thumb Code    28  init.o(.text)
    __scatterload_rt2                        0x08000385   Thumb Code     0  init.o(.text)
    __I$use$semihosting$fputc                0x080003a9   Thumb Code     0  iusesemip.o(.text)
    __decompress                             0x080003a9   Thumb Code     0  __dczerorl2.o(.text)
    __decompress1                            0x080003a9   Thumb Code    86  __dczerorl2.o(.text)
    __semihosting_library_function           0x080003a9   Thumb Code     0  semi.o(.text)
    BusFault_Handler                         0x080003ff   Thumb Code     2  stm32f4xx_it.o(i.BusFault_Handler)
    CAN1_RX0_IRQHandler                      0x08000401   Thumb Code    88  stm32f4xx_it.o(i.CAN1_RX0_IRQHandler)
    ConsumerHearbeatAlarm                    0x08000485   Thumb Code    44  lifegrd.o(i.ConsumerHearbeatAlarm)
    CopyBits                                 0x080004b1   Thumb Code   160  pdo.o(i.CopyBits)
    DebugMon_Handler                         0x08000551   Thumb Code     2  stm32f4xx_it.o(i.DebugMon_Handler)
    DelAlarm                                 0x08000555   Thumb Code    36  timer.o(i.DelAlarm)
    HAL_CAN_AddTxMessage                     0x08000581   Thumb Code   200  stm32f4xx_hal_can.o(i.HAL_CAN_AddTxMessage)
    HAL_CAN_ErrorCallback                    0x08000649   Thumb Code     2  stm32f4xx_hal_can.o(i.HAL_CAN_ErrorCallback)
    HAL_CAN_GetRxMessage                     0x0800064b   Thumb Code   232  stm32f4xx_hal_can.o(i.HAL_CAN_GetRxMessage)
    HAL_CAN_IRQHandler                       0x08000733   Thumb Code   508  stm32f4xx_hal_can.o(i.HAL_CAN_IRQHandler)
    HAL_CAN_Init                             0x0800092f   Thumb Code   282  stm32f4xx_hal_can.o(i.HAL_CAN_Init)
    HAL_CAN_MspInit                          0x08000a49   Thumb Code   214  stm32f4xx_hal_msp.o(i.HAL_CAN_MspInit)
    HAL_CAN_RxFifo0FullCallback              0x08000b39   Thumb Code     2  stm32f4xx_hal_can.o(i.HAL_CAN_RxFifo0FullCallback)
    HAL_CAN_RxFifo0MsgPendingCallback        0x08000b3b   Thumb Code     2  stm32f4xx_hal_can.o(i.HAL_CAN_RxFifo0MsgPendingCallback)
    HAL_CAN_RxFifo1FullCallback              0x08000b3d   Thumb Code     2  stm32f4xx_hal_can.o(i.HAL_CAN_RxFifo1FullCallback)
    HAL_CAN_RxFifo1MsgPendingCallback        0x08000b3f   Thumb Code     2  stm32f4xx_hal_can.o(i.HAL_CAN_RxFifo1MsgPendingCallback)
    HAL_CAN_SleepCallback                    0x08000b41   Thumb Code     2  stm32f4xx_hal_can.o(i.HAL_CAN_SleepCallback)
    HAL_CAN_TxMailbox0AbortCallback          0x08000b43   Thumb Code     2  stm32f4xx_hal_can.o(i.HAL_CAN_TxMailbox0AbortCallback)
    HAL_CAN_TxMailbox0CompleteCallback       0x08000b45   Thumb Code     2  stm32f4xx_hal_can.o(i.HAL_CAN_TxMailbox0CompleteCallback)
    HAL_CAN_TxMailbox1AbortCallback          0x08000b47   Thumb Code     2  stm32f4xx_hal_can.o(i.HAL_CAN_TxMailbox1AbortCallback)
    HAL_CAN_TxMailbox1CompleteCallback       0x08000b49   Thumb Code     2  stm32f4xx_hal_can.o(i.HAL_CAN_TxMailbox1CompleteCallback)
    HAL_CAN_TxMailbox2AbortCallback          0x08000b4b   Thumb Code     2  stm32f4xx_hal_can.o(i.HAL_CAN_TxMailbox2AbortCallback)
    HAL_CAN_TxMailbox2CompleteCallback       0x08000b4d   Thumb Code     2  stm32f4xx_hal_can.o(i.HAL_CAN_TxMailbox2CompleteCallback)
    HAL_CAN_WakeUpFromRxMsgCallback          0x08000b4f   Thumb Code     2  stm32f4xx_hal_can.o(i.HAL_CAN_WakeUpFromRxMsgCallback)
    HAL_DMA_Abort_IT                         0x08000b51   Thumb Code    36  stm32f4xx_hal_dma.o(i.HAL_DMA_Abort_IT)
    HAL_GPIO_Init                            0x08000b75   Thumb Code   388  stm32f4xx_hal_gpio.o(i.HAL_GPIO_Init)
    HAL_GetTick                              0x08000d25   Thumb Code     6  stm32f4xx_hal.o(i.HAL_GetTick)
    HAL_IncTick                              0x08000d31   Thumb Code    12  stm32f4xx_hal.o(i.HAL_IncTick)
    HAL_Init                                 0x08000d41   Thumb Code    48  stm32f4xx_hal.o(i.HAL_Init)
    HAL_InitTick                             0x08000d75   Thumb Code   100  stm32f4xx_hal_timebase_tim.o(i.HAL_InitTick)
    HAL_MspInit                              0x08000de9   Thumb Code    52  stm32f4xx_hal_msp.o(i.HAL_MspInit)
    HAL_NVIC_EnableIRQ                       0x08000e21   Thumb Code    26  stm32f4xx_hal_cortex.o(i.HAL_NVIC_EnableIRQ)
    HAL_NVIC_SetPriority                     0x08000e3d   Thumb Code    60  stm32f4xx_hal_cortex.o(i.HAL_NVIC_SetPriority)
    HAL_NVIC_SetPriorityGrouping             0x08000e7d   Thumb Code    26  stm32f4xx_hal_cortex.o(i.HAL_NVIC_SetPriorityGrouping)
    HAL_RCC_ClockConfig                      0x08000ea1   Thumb Code   286  stm32f4xx_hal_rcc.o(i.HAL_RCC_ClockConfig)
    HAL_RCC_GetClockConfig                   0x08000fd1   Thumb Code    54  stm32f4xx_hal_rcc.o(i.HAL_RCC_GetClockConfig)
    HAL_RCC_GetPCLK1Freq                     0x08001011   Thumb Code    20  stm32f4xx_hal_rcc.o(i.HAL_RCC_GetPCLK1Freq)
    HAL_RCC_GetPCLK2Freq                     0x08001031   Thumb Code    20  stm32f4xx_hal_rcc.o(i.HAL_RCC_GetPCLK2Freq)
    HAL_RCC_GetSysClockFreq                  0x08001051   Thumb Code    88  stm32f4xx_hal_rcc.o(i.HAL_RCC_GetSysClockFreq)
    HAL_RCC_OscConfig                        0x080010b5   Thumb Code   770  stm32f4xx_hal_rcc.o(i.HAL_RCC_OscConfig)
    HAL_TIMEx_BreakCallback                  0x080013d1   Thumb Code     2  stm32f4xx_hal_tim_ex.o(i.HAL_TIMEx_BreakCallback)
    HAL_TIMEx_CommutCallback                 0x080013d3   Thumb Code     2  stm32f4xx_hal_tim_ex.o(i.HAL_TIMEx_CommutCallback)
    HAL_TIM_Base_Init                        0x080013d5   Thumb Code    54  stm32f4xx_hal_tim.o(i.HAL_TIM_Base_Init)
    HAL_TIM_Base_MspInit                     0x0800140b   Thumb Code     2  stm32f4xx_hal_tim.o(i.HAL_TIM_Base_MspInit)
    HAL_TIM_Base_Start_IT                    0x0800140d   Thumb Code    34  stm32f4xx_hal_tim.o(i.HAL_TIM_Base_Start_IT)
    HAL_TIM_IC_CaptureCallback               0x0800142f   Thumb Code     2  stm32f4xx_hal_tim.o(i.HAL_TIM_IC_CaptureCallback)
    HAL_TIM_IRQHandler                       0x08001431   Thumb Code   358  stm32f4xx_hal_tim.o(i.HAL_TIM_IRQHandler)
    HAL_TIM_OC_DelayElapsedCallback          0x08001597   Thumb Code     2  stm32f4xx_hal_tim.o(i.HAL_TIM_OC_DelayElapsedCallback)
    HAL_TIM_PWM_PulseFinishedCallback        0x08001599   Thumb Code     2  stm32f4xx_hal_tim.o(i.HAL_TIM_PWM_PulseFinishedCallback)
    HAL_TIM_PeriodElapsedCallback            0x0800159d   Thumb Code    14  main.o(i.HAL_TIM_PeriodElapsedCallback)
    HAL_TIM_TriggerCallback                  0x080015b1   Thumb Code     2  stm32f4xx_hal_tim.o(i.HAL_TIM_TriggerCallback)
    HAL_UART_ErrorCallback                   0x080015b3   Thumb Code     2  stm32f4xx_hal_uart.o(i.HAL_UART_ErrorCallback)
    HAL_UART_IRQHandler                      0x080015b5   Thumb Code   266  stm32f4xx_hal_uart.o(i.HAL_UART_IRQHandler)
    HAL_UART_Init                            0x080016c5   Thumb Code    98  stm32f4xx_hal_uart.o(i.HAL_UART_Init)
    HAL_UART_MspInit                         0x08001729   Thumb Code   110  stm32f4xx_hal_msp.o(i.HAL_UART_MspInit)
    HAL_UART_RxCpltCallback                  0x080017a5   Thumb Code     2  stm32f4xx_hal_uart.o(i.HAL_UART_RxCpltCallback)
    HAL_UART_TxCpltCallback                  0x080017a7   Thumb Code     2  stm32f4xx_hal_uart.o(i.HAL_UART_TxCpltCallback)
    HardFault_Handler                        0x080017a9   Thumb Code     2  stm32f4xx_it.o(i.HardFault_Handler)
    MemManage_Handler                        0x08001815   Thumb Code     2  stm32f4xx_it.o(i.MemManage_Handler)
    MySlave_scanIndexOD                      0x08001819   Thumb Code   258  myslave.o(i.MySlave_scanIndexOD)
    MySlave_valueRangeTest                   0x08001925   Thumb Code    16  myslave.o(i.MySlave_valueRangeTest)
    NMI_Handler                              0x08001939   Thumb Code     2  stm32f4xx_it.o(i.NMI_Handler)
    OnCOB_ID_SyncUpdate                      0x0800193b   Thumb Code    10  sync.o(i.OnCOB_ID_SyncUpdate)
    OnHeartbeatProducerUpdate                0x08001945   Thumb Code    18  lifegrd.o(i.OnHeartbeatProducerUpdate)
    OnNumberOfErrorsUpdate                   0x08001959   Thumb Code    40  emcy.o(i.OnNumberOfErrorsUpdate)
    PDOEventTimerAlarm                       0x08001981   Thumb Code    40  pdo.o(i.PDOEventTimerAlarm)
    PDOInhibitTimerAlarm                     0x080019a9   Thumb Code    42  pdo.o(i.PDOInhibitTimerAlarm)
    PDOInit                                  0x080019d5   Thumb Code    82  pdo.o(i.PDOInit)
    PDOStop                                  0x08001a2d   Thumb Code   104  pdo.o(i.PDOStop)
    ProducerHearbeatAlarm                    0x08001a95   Thumb Code    86  lifegrd.o(i.ProducerHearbeatAlarm)
    RegisterSetODentryCallBack               0x08001b19   Thumb Code    36  objacces.o(i.RegisterSetODentryCallBack)
    SDOTimeoutAlarm                          0x08001b3d   Thumb Code   120  sdo.o(i.SDOTimeoutAlarm)
    SDOlineToObjdict                         0x08001bb9   Thumb Code    48  sdo.o(i.SDOlineToObjdict)
    SDOtoLine                                0x08001be9   Thumb Code    54  sdo.o(i.SDOtoLine)
    SetAlarm                                 0x08001c21   Thumb Code   134  timer.o(i.SetAlarm)
    StartDefaultTask                         0x08001cb1   Thumb Code    72  main.o(i.StartDefaultTask)
    SyncAlarm                                0x08001d2d   Thumb Code     4  sync.o(i.SyncAlarm)
    SysTick_Handler                          0x08001d31   Thumb Code    38  port.o(i.SysTick_Handler)
    SystemClock_Config                       0x08001d5d   Thumb Code   124  main.o(i.SystemClock_Config)
    SystemInit                               0x08001de1   Thumb Code    66  system_stm32f4xx_1.o(i.SystemInit)
    TIM1_UP_TIM10_IRQHandler                 0x08001e35   Thumb Code     6  stm32f4xx_it.o(i.TIM1_UP_TIM10_IRQHandler)
    TIM_Base_SetConfig                       0x08001e41   Thumb Code   156  stm32f4xx_hal_tim.o(i.TIM_Base_SetConfig)
    TPDO_Communication_Parameter_Callback    0x08001f09   Thumb Code   102  pdo.o(i.TPDO_Communication_Parameter_Callback)
    USART1_IRQHandler                        0x08002341   Thumb Code     6  stm32f4xx_it.o(i.USART1_IRQHandler)
    UsageFault_Handler                       0x0800234d   Thumb Code     2  stm32f4xx_it.o(i.UsageFault_Handler)
    _RxPDO_EventTimers_Handler               0x0800234f   Thumb Code     2  pdo.o(i._RxPDO_EventTimers_Handler)
    __0printf$5                              0x08002351   Thumb Code    22  printf5.o(i.__0printf$5)
    __1printf$5                              0x08002351   Thumb Code     0  printf5.o(i.__0printf$5)
    __2printf                                0x08002351   Thumb Code     0  printf5.o(i.__0printf$5)
    __scatterload_copy                       0x08002391   Thumb Code    14  handlers.o(i.__scatterload_copy)
    __scatterload_null                       0x0800239f   Thumb Code     2  handlers.o(i.__scatterload_null)
    __scatterload_zeroinit                   0x080023a1   Thumb Code    14  handlers.o(i.__scatterload_zeroinit)
    _getODentry                              0x080023b1   Thumb Code   190  objacces.o(i._getODentry)
    _heartbeatError                          0x0800247d   Thumb Code     2  lifegrd.o(i._heartbeatError)
    _initialisation                          0x0800247f   Thumb Code     2  states.o(i._initialisation)
    _operational                             0x08002481   Thumb Code     2  states.o(i._operational)
    _post_SlaveBootup                        0x08002483   Thumb Code     2  lifegrd.o(i._post_SlaveBootup)
    _post_SlaveStateChange                   0x08002485   Thumb Code     2  lifegrd.o(i._post_SlaveStateChange)
    _post_TPDO                               0x08002487   Thumb Code     2  sync.o(i._post_TPDO)
    _post_emcy                               0x08002489   Thumb Code     2  emcy.o(i._post_emcy)
    _post_sync                               0x0800248b   Thumb Code     2  sync.o(i._post_sync)
    _preOperational                          0x0800248d   Thumb Code    32  states.o(i._preOperational)
    _sendPDOevent                            0x0800276d   Thumb Code   284  pdo.o(i._sendPDOevent)
    _setODentry                              0x08002889   Thumb Code   226  objacces.o(i._setODentry)
    _stopped                                 0x08002979   Thumb Code     2  states.o(i._stopped)
    _storeODSubIndex                         0x0800297b   Thumb Code     2  objacces.o(i._storeODSubIndex)
    buildPDO                                 0x0800297d   Thumb Code   214  pdo.o(i.buildPDO)
    canDispatch                              0x08002a53   Thumb Code   122  states.o(i.canDispatch)
    canSend                                  0x08002acd   Thumb Code    74  can_stm32.o(i.canSend)
    canopen_dataprocess_thread               0x08002b35   Thumb Code   224  canopen.o(i.canopen_dataprocess_thread)
    emergencyInit                            0x08002d55   Thumb Code    26  emcy.o(i.emergencyInit)
    emergencyStop                            0x08002d75   Thumb Code     2  emcy.o(i.emergencyStop)
    failedSDO                                0x08002d77   Thumb Code   136  sdo.o(i.failedSDO)
    fputc                                    0x08002dff   Thumb Code    18  fputc.o(i.fputc)
    getElapsedTime                           0x08002e11   Thumb Code    18  timer_stm32.o(i.getElapsedTime)
    getNodeId                                0x08002e29   Thumb Code     6  states.o(i.getNodeId)
    getSDOfreeLine                           0x08002e2f   Thumb Code    48  sdo.o(i.getSDOfreeLine)
    getSDOlineOnUse                          0x08002e5f   Thumb Code    58  sdo.o(i.getSDOlineOnUse)
    getSDOlineRestBytes                      0x08002e99   Thumb Code    22  sdo.o(i.getSDOlineRestBytes)
    heartbeatInit                            0x08002eb1   Thumb Code   104  lifegrd.o(i.heartbeatInit)
    heartbeatStop                            0x08002f25   Thumb Code    54  lifegrd.o(i.heartbeatStop)
    initSDOline                              0x08002f5d   Thumb Code   132  sdo.o(i.initSDOline)
    initTimer                                0x08002fe5   Thumb Code    10  timer_stm32.o(i.initTimer)
    lineToSDO                                0x08002ff5   Thumb Code    60  sdo.o(i.lineToSDO)
    main                                     0x08003031   Thumb Code   150  main.o(i.main)
    masterSendNMTstateChange                 0x080030e9   Thumb Code    38  nmtmaster.o(i.masterSendNMTstateChange)
    objdictToSDOline                         0x0800310f   Thumb Code    60  sdo.o(i.objdictToSDOline)
    osDelay                                  0x0800314b   Thumb Code    14  cmsis_os.o(i.osDelay)
    osKernelStart                            0x08003159   Thumb Code    10  cmsis_os.o(i.osKernelStart)
    osThreadCreate                           0x08003163   Thumb Code    84  cmsis_os.o(i.osThreadCreate)
    proceedEMCY                              0x080031b7   Thumb Code    34  emcy.o(i.proceedEMCY)
    proceedNMTstateChange                    0x080031d9   Thumb Code   150  nmtslave.o(i.proceedNMTstateChange)
    proceedNODE_GUARD                        0x08003271   Thumb Code   230  lifegrd.o(i.proceedNODE_GUARD)
    proceedPDO                               0x0800335d   Thumb Code   552  pdo.o(i.proceedPDO)
    proceedSDO                               0x08003585   Thumb Code  4704  sdo.o(i.proceedSDO)
    proceedSYNC                              0x080047e9   Thumb Code    40  sync.o(i.proceedSYNC)
    pvPortMalloc                             0x08004c85   Thumb Code   210  heap_4.o(i.pvPortMalloc)
    pxPortInitialiseStack                    0x08004d5d   Thumb Code    40  port.o(i.pxPortInitialiseStack)
    resetSDO                                 0x08004d89   Thumb Code    24  sdo.o(i.resetSDO)
    resetSDOline                             0x08004da1   Thumb Code    50  sdo.o(i.resetSDOline)
    scanIndexOD                              0x08004dd3   Thumb Code    22  objacces.o(i.scanIndexOD)
    sendOnePDOevent                          0x08004de9   Thumb Code   256  pdo.o(i.sendOnePDOevent)
    sendSDO                                  0x08004f19   Thumb Code   120  sdo.o(i.sendSDO)
    sendSDOabort                             0x08004f91   Thumb Code    56  sdo.o(i.sendSDOabort)
    sendSYNC                                 0x08004fc9   Thumb Code    20  sync.o(i.sendSYNC)
    sendSYNCMessage                          0x08004fdd   Thumb Code    34  sync.o(i.sendSYNCMessage)
    setNodeId                                0x08005001   Thumb Code   302  states.o(i.setNodeId)
    setSDOlineRestBytes                      0x08005135   Thumb Code    22  sdo.o(i.setSDOlineRestBytes)
    setState                                 0x0800514d   Thumb Code   160  states.o(i.setState)
    setTimer                                 0x080051f1   Thumb Code    10  timer_stm32.o(i.setTimer)
    slaveSendBootUp                          0x08005201   Thumb Code    42  nmtslave.o(i.slaveSendBootUp)
    startSYNC                                0x0800522d   Thumb Code    96  sync.o(i.startSYNC)
    stopSYNC                                 0x08005295   Thumb Code    44  sync.o(i.stopSYNC)
    switchCommunicationState                 0x080052c1   Thumb Code   234  states.o(i.switchCommunicationState)
    uxListRemove                             0x080053ab   Thumb Code    38  list.o(i.uxListRemove)
    vApplicationGetIdleTaskMemory            0x080053d1   Thumb Code    16  freertos.o(i.vApplicationGetIdleTaskMemory)
    vListInitialise                          0x080053e5   Thumb Code    22  list.o(i.vListInitialise)
    vListInitialiseItem                      0x080053fb   Thumb Code     6  list.o(i.vListInitialiseItem)
    vListInsert                              0x08005401   Thumb Code    48  list.o(i.vListInsert)
    vListInsertEnd                           0x08005431   Thumb Code    24  list.o(i.vListInsertEnd)
    vPortEnterCritical                       0x08005449   Thumb Code    54  port.o(i.vPortEnterCritical)
    vPortExitCritical                        0x08005489   Thumb Code    34  port.o(i.vPortExitCritical)
    vPortFree                                0x080054b1   Thumb Code    88  heap_4.o(i.vPortFree)
    vPortSetupTimerInterrupt                 0x0800550d   Thumb Code    32  port.o(i.vPortSetupTimerInterrupt)
    vPortValidateInterruptPriority           0x08005531   Thumb Code    74  port.o(i.vPortValidateInterruptPriority)
    vTaskDelay                               0x08005585   Thumb Code    66  tasks.o(i.vTaskDelay)
    vTaskInternalSetTimeOutState             0x080055d1   Thumb Code    12  tasks.o(i.vTaskInternalSetTimeOutState)
    vTaskMissedYield                         0x080055e1   Thumb Code     8  tasks.o(i.vTaskMissedYield)
    vTaskPlaceOnEventList                    0x080055ed   Thumb Code    44  tasks.o(i.vTaskPlaceOnEventList)
    vTaskStartScheduler                      0x0800561d   Thumb Code    90  tasks.o(i.vTaskStartScheduler)
    vTaskSuspendAll                          0x08005689   Thumb Code    10  tasks.o(i.vTaskSuspendAll)
    vTaskSwitchContext                       0x08005699   Thumb Code    82  tasks.o(i.vTaskSwitchContext)
    xPortStartScheduler                      0x080056f5   Thumb Code   222  port.o(i.xPortStartScheduler)
    xQueueGenericCreate                      0x080057e9   Thumb Code    72  queue.o(i.xQueueGenericCreate)
    xQueueGenericReset                       0x08005831   Thumb Code   132  queue.o(i.xQueueGenericReset)
    xQueueGenericSendFromISR                 0x080058b9   Thumb Code   188  queue.o(i.xQueueGenericSendFromISR)
    xQueueReceive                            0x08005975   Thumb Code   308  queue.o(i.xQueueReceive)
    xTaskCheckForTimeOut                     0x08005aad   Thumb Code   112  tasks.o(i.xTaskCheckForTimeOut)
    xTaskCreate                              0x08005b21   Thumb Code    90  tasks.o(i.xTaskCreate)
    xTaskCreateStatic                        0x08005b7b   Thumb Code    86  tasks.o(i.xTaskCreateStatic)
    xTaskGetSchedulerState                   0x08005bd1   Thumb Code    22  tasks.o(i.xTaskGetSchedulerState)
    xTaskIncrementTick                       0x08005bed   Thumb Code   192  tasks.o(i.xTaskIncrementTick)
    xTaskPriorityDisinherit                  0x08005cb5   Thumb Code   144  tasks.o(i.xTaskPriorityDisinherit)
    xTaskRemoveFromEventList                 0x08005d4d   Thumb Code   108  tasks.o(i.xTaskRemoveFromEventList)
    xTaskResumeAll                           0x08005dc1   Thumb Code   182  tasks.o(i.xTaskResumeAll)
    AHBPrescTable                            0x08005ebc   Data          16  system_stm32f4xx_1.o(.constdata)
    APBPrescTable                            0x08005ecc   Data           8  system_stm32f4xx_1.o(.constdata)
    MySlave_iam_a_slave                      0x08005f14   Data           1  myslave.o(.constdata)
    MySlave_objdict                          0x08005f18   Data         168  myslave.o(.constdata)
    MySlave_firstIndex                       0x08005fc0   Data          12  myslave.o(.constdata)
    MySlave_lastIndex                        0x08005fcc   Data          12  myslave.o(.constdata)
    MySlave_ObjdictSize                      0x08005fd8   Data           2  myslave.o(.constdata)
    Region$$Table$$Base                      0x08005ff0   Number         0  anon$$obj.o(Region$$Table)
    Region$$Table$$Limit                     0x08006010   Number         0  anon$$obj.o(Region$$Table)
    xQ_CAN_MSG                               0x20000000   Data           4  canopen.o(.data)
    CO_CAN1                                  0x20000004   Data           4  canopen.o(.data)
    defaultTaskHandle                        0x20000008   Data           4  main.o(.data)
    canTaskHandle                            0x2000000c   Data           4  main.o(.data)
    TxMailbox                                0x20000010   Data           4  main.o(.data)
    TxData                                   0x20000014   Data           8  main.o(.data)
    uwTickFreq                               0x20000020   Data           1  stm32f4xx_hal.o(.data)
    uwTickPrio                               0x20000024   Data           4  stm32f4xx_hal.o(.data)
    uwTick                                   0x20000028   Data           4  stm32f4xx_hal.o(.data)
    SystemCoreClock                          0x2000002c   Data           4  system_stm32f4xx_1.o(.data)
    pxCurrentTCB                             0x20000030   Data           4  tasks.o(.data)
    last_timer_raw                           0x20000090   Data           2  timer.o(.data)
    total_sleep_time                         0x20000094   Data           4  timer.o(.data)
    last_time_set                            0x20000098   Data           4  timer_stm32.o(.data)
    TimerAlarm_CAN                           0x2000009c   Data           4  timer_stm32.o(.data)
    TimerCounter_CAN                         0x200000a0   Data           4  timer_stm32.o(.data)
    MySlave_bDeviceNodeId                    0x200000a4   Data           1  myslave.o(.data)
    MySlave_obj1000                          0x200000a8   Data           4  myslave.o(.data)
    MySlave_Index1000                        0x200000ac   Data          12  myslave.o(.data)
    MySlave_obj1001                          0x200000b8   Data           1  myslave.o(.data)
    MySlave_Index1001                        0x200000bc   Data          12  myslave.o(.data)
    MySlave_highestSubIndex_obj1003          0x200000c8   Data           1  myslave.o(.data)
    MySlave_obj1003                          0x200000cc   Data           4  myslave.o(.data)
    MySlave_obj1005                          0x200000d0   Data           4  myslave.o(.data)
    MySlave_obj1006                          0x200000d4   Data           4  myslave.o(.data)
    MySlave_obj1014                          0x200000d8   Data           4  myslave.o(.data)
    MySlave_highestSubIndex_obj1016          0x200000dc   Data           1  myslave.o(.data)
    MySlave_obj1016                          0x200000e0   Data           4  myslave.o(.data)
    MySlave_obj1017                          0x200000e4   Data           2  myslave.o(.data)
    MySlave_Index1017                        0x200000e8   Data          12  myslave.o(.data)
    MySlave_highestSubIndex_obj1018          0x200000f4   Data           1  myslave.o(.data)
    MySlave_obj1018_Vendor_ID                0x200000f8   Data           4  myslave.o(.data)
    MySlave_obj1018_Product_Code             0x200000fc   Data           4  myslave.o(.data)
    MySlave_obj1018_Revision_Number          0x20000100   Data           4  myslave.o(.data)
    MySlave_obj1018_Serial_Number            0x20000104   Data           4  myslave.o(.data)
    MySlave_Index1018                        0x20000108   Data          60  myslave.o(.data)
    MySlave_highestSubIndex_obj1200          0x20000144   Data           1  myslave.o(.data)
    MySlave_obj1200_COB_ID_Client_to_Server_Receive_SDO 0x20000148   Data           4  myslave.o(.data)
    MySlave_obj1200_COB_ID_Server_to_Client_Transmit_SDO 0x2000014c   Data           4  myslave.o(.data)
    MySlave_Index1200                        0x20000150   Data          36  myslave.o(.data)
    MySlave_highestSubIndex_obj1400          0x20000174   Data           1  myslave.o(.data)
    MySlave_obj1400_COB_ID_used_by_PDO       0x20000178   Data           4  myslave.o(.data)
    MySlave_obj1400_Transmission_Type        0x2000017c   Data           1  myslave.o(.data)
    MySlave_obj1400_Inhibit_Time             0x2000017e   Data           2  myslave.o(.data)
    MySlave_obj1400_Compatibility_Entry      0x20000180   Data           1  myslave.o(.data)
    MySlave_obj1400_Event_Timer              0x20000182   Data           2  myslave.o(.data)
    MySlave_obj1400_SYNC_start_value         0x20000184   Data           1  myslave.o(.data)
    MySlave_Index1400                        0x20000188   Data          84  myslave.o(.data)
    MySlave_highestSubIndex_obj1401          0x200001dc   Data           1  myslave.o(.data)
    MySlave_obj1401_COB_ID_used_by_PDO       0x200001e0   Data           4  myslave.o(.data)
    MySlave_obj1401_Transmission_Type        0x200001e4   Data           1  myslave.o(.data)
    MySlave_obj1401_Inhibit_Time             0x200001e6   Data           2  myslave.o(.data)
    MySlave_obj1401_Compatibility_Entry      0x200001e8   Data           1  myslave.o(.data)
    MySlave_obj1401_Event_Timer              0x200001ea   Data           2  myslave.o(.data)
    MySlave_obj1401_SYNC_start_value         0x200001ec   Data           1  myslave.o(.data)
    MySlave_Index1401                        0x200001f0   Data          84  myslave.o(.data)
    MySlave_highestSubIndex_obj1402          0x20000244   Data           1  myslave.o(.data)
    MySlave_obj1402_COB_ID_used_by_PDO       0x20000248   Data           4  myslave.o(.data)
    MySlave_obj1402_Transmission_Type        0x2000024c   Data           1  myslave.o(.data)
    MySlave_obj1402_Inhibit_Time             0x2000024e   Data           2  myslave.o(.data)
    MySlave_obj1402_Compatibility_Entry      0x20000250   Data           1  myslave.o(.data)
    MySlave_obj1402_Event_Timer              0x20000252   Data           2  myslave.o(.data)
    MySlave_obj1402_SYNC_start_value         0x20000254   Data           1  myslave.o(.data)
    MySlave_Index1402                        0x20000258   Data          84  myslave.o(.data)
    MySlave_highestSubIndex_obj1403          0x200002ac   Data           1  myslave.o(.data)
    MySlave_obj1403_COB_ID_used_by_PDO       0x200002b0   Data           4  myslave.o(.data)
    MySlave_obj1403_Transmission_Type        0x200002b4   Data           1  myslave.o(.data)
    MySlave_obj1403_Inhibit_Time             0x200002b6   Data           2  myslave.o(.data)
    MySlave_obj1403_Compatibility_Entry      0x200002b8   Data           1  myslave.o(.data)
    MySlave_obj1403_Event_Timer              0x200002ba   Data           2  myslave.o(.data)
    MySlave_obj1403_SYNC_start_value         0x200002bc   Data           1  myslave.o(.data)
    MySlave_Index1403                        0x200002c0   Data          84  myslave.o(.data)
    MySlave_highestSubIndex_obj1600          0x20000314   Data           1  myslave.o(.data)
    MySlave_Index1600                        0x20000318   Data         108  myslave.o(.data)
    MySlave_highestSubIndex_obj1601          0x20000384   Data           1  myslave.o(.data)
    MySlave_Index1601                        0x20000388   Data         108  myslave.o(.data)
    MySlave_highestSubIndex_obj1602          0x200003f4   Data           1  myslave.o(.data)
    MySlave_Index1602                        0x200003f8   Data         108  myslave.o(.data)
    MySlave_highestSubIndex_obj1603          0x20000464   Data           1  myslave.o(.data)
    MySlave_Index1603                        0x20000468   Data         108  myslave.o(.data)
    MySlave_highestSubIndex_obj1800          0x200004d4   Data           1  myslave.o(.data)
    MySlave_obj1800_COB_ID_used_by_PDO       0x200004d8   Data           4  myslave.o(.data)
    MySlave_obj1800_Transmission_Type        0x200004dc   Data           1  myslave.o(.data)
    MySlave_obj1800_Inhibit_Time             0x200004de   Data           2  myslave.o(.data)
    MySlave_obj1800_Compatibility_Entry      0x200004e0   Data           1  myslave.o(.data)
    MySlave_obj1800_Event_Timer              0x200004e2   Data           2  myslave.o(.data)
    MySlave_obj1800_SYNC_start_value         0x200004e4   Data           1  myslave.o(.data)
    MySlave_Index1800                        0x200004e8   Data          84  myslave.o(.data)
    MySlave_highestSubIndex_obj1801          0x2000053c   Data           1  myslave.o(.data)
    MySlave_obj1801_COB_ID_used_by_PDO       0x20000540   Data           4  myslave.o(.data)
    MySlave_obj1801_Transmission_Type        0x20000544   Data           1  myslave.o(.data)
    MySlave_obj1801_Inhibit_Time             0x20000546   Data           2  myslave.o(.data)
    MySlave_obj1801_Compatibility_Entry      0x20000548   Data           1  myslave.o(.data)
    MySlave_obj1801_Event_Timer              0x2000054a   Data           2  myslave.o(.data)
    MySlave_obj1801_SYNC_start_value         0x2000054c   Data           1  myslave.o(.data)
    MySlave_Index1801                        0x20000550   Data          84  myslave.o(.data)
    MySlave_highestSubIndex_obj1802          0x200005a4   Data           1  myslave.o(.data)
    MySlave_obj1802_COB_ID_used_by_PDO       0x200005a8   Data           4  myslave.o(.data)
    MySlave_obj1802_Transmission_Type        0x200005ac   Data           1  myslave.o(.data)
    MySlave_obj1802_Inhibit_Time             0x200005ae   Data           2  myslave.o(.data)
    MySlave_obj1802_Compatibility_Entry      0x200005b0   Data           1  myslave.o(.data)
    MySlave_obj1802_Event_Timer              0x200005b2   Data           2  myslave.o(.data)
    MySlave_obj1802_SYNC_start_value         0x200005b4   Data           1  myslave.o(.data)
    MySlave_Index1802                        0x200005b8   Data          84  myslave.o(.data)
    MySlave_highestSubIndex_obj1803          0x2000060c   Data           1  myslave.o(.data)
    MySlave_obj1803_COB_ID_used_by_PDO       0x20000610   Data           4  myslave.o(.data)
    MySlave_obj1803_Transmission_Type        0x20000614   Data           1  myslave.o(.data)
    MySlave_obj1803_Inhibit_Time             0x20000616   Data           2  myslave.o(.data)
    MySlave_obj1803_Compatibility_Entry      0x20000618   Data           1  myslave.o(.data)
    MySlave_obj1803_Event_Timer              0x2000061a   Data           2  myslave.o(.data)
    MySlave_obj1803_SYNC_start_value         0x2000061c   Data           1  myslave.o(.data)
    MySlave_Index1803                        0x20000620   Data          84  myslave.o(.data)
    MySlave_highestSubIndex_obj1A00          0x20000674   Data           1  myslave.o(.data)
    MySlave_Index1A00                        0x20000678   Data         108  myslave.o(.data)
    MySlave_highestSubIndex_obj1A01          0x200006e4   Data           1  myslave.o(.data)
    MySlave_Index1A01                        0x200006e8   Data         108  myslave.o(.data)
    MySlave_highestSubIndex_obj1A02          0x20000754   Data           1  myslave.o(.data)
    MySlave_Index1A02                        0x20000758   Data         108  myslave.o(.data)
    MySlave_highestSubIndex_obj1A03          0x200007c4   Data           1  myslave.o(.data)
    MySlave_Index1A03                        0x200007c8   Data         108  myslave.o(.data)
    MySlave_PDO_status                       0x20000834   Data          72  myslave.o(.data)
    MySlave_Data                             0x2000087c   Data         428  myslave.o(.data)
    MySlave_heartBeatTimers                  0x20000a28   Data           2  myslave.o(.data)
    __stdout                                 0x20000a2c   Data           4  stdout.o(.data)
    hcan1                                    0x20000a30   Data          40  main.o(.bss)
    hcan2                                    0x20000a58   Data          40  main.o(.bss)
    huart1                                   0x20000a80   Data          64  main.o(.bss)
    TxHeader                                 0x20000ac0   Data          24  main.o(.bss)
    htim1                                    0x20000d2c   Data          64  stm32f4xx_hal_timebase_tim.o(.bss)
    timers                                   0x20004a5c   Data         192  timer.o(.bss)
    MySlave_obj1600                          0x20004b1c   Data          32  myslave.o(.bss)
    MySlave_obj1601                          0x20004b3c   Data          32  myslave.o(.bss)
    MySlave_obj1602                          0x20004b5c   Data          32  myslave.o(.bss)
    MySlave_obj1603                          0x20004b7c   Data          32  myslave.o(.bss)
    MySlave_obj1A00                          0x20004b9c   Data          32  myslave.o(.bss)
    MySlave_obj1A01                          0x20004bbc   Data          32  myslave.o(.bss)
    MySlave_obj1A02                          0x20004bdc   Data          32  myslave.o(.bss)
    MySlave_obj1A03                          0x20004bfc   Data          32  myslave.o(.bss)
    __initial_sp                             0x20005020   Data           0  startup_stm32f407xx.o(STACK)



==============================================================================

Memory Map of the image

  Image Entry point : 0x08000189

  Load Region LR_IROM1 (Base: 0x08000000, Size: 0x00006a40, Max: 0x00100000, ABSOLUTE, COMPRESSED[0x000062d4])

    Execution Region ER_IROM1 (Exec base: 0x08000000, Load base: 0x08000000, Size: 0x00006010, Max: 0x00100000, ABSOLUTE)

    Exec Addr    Load Addr    Size         Type   Attr      Idx    E Section Name        Object

    0x08000000   0x08000000   0x00000188   Data   RO            3    RESET               startup_stm32f407xx.o
    0x08000188   0x08000188   0x00000000   Code   RO         5614  * .ARM.Collect$$$$00000000  mc_w.l(entry.o)
    0x08000188   0x08000188   0x00000004   Code   RO         5890    .ARM.Collect$$$$00000001  mc_w.l(entry2.o)
    0x0800018c   0x0800018c   0x00000004   Code   RO         5893    .ARM.Collect$$$$00000004  mc_w.l(entry5.o)
    0x08000190   0x08000190   0x00000000   Code   RO         5895    .ARM.Collect$$$$00000008  mc_w.l(entry7b.o)
    0x08000190   0x08000190   0x00000000   Code   RO         5897    .ARM.Collect$$$$0000000A  mc_w.l(entry8b.o)
    0x08000190   0x08000190   0x00000008   Code   RO         5898    .ARM.Collect$$$$0000000B  mc_w.l(entry9a.o)
    0x08000198   0x08000198   0x00000000   Code   RO         5900    .ARM.Collect$$$$0000000D  mc_w.l(entry10a.o)
    0x08000198   0x08000198   0x00000000   Code   RO         5902    .ARM.Collect$$$$0000000F  mc_w.l(entry11a.o)
    0x08000198   0x08000198   0x00000004   Code   RO         5891    .ARM.Collect$$$$00002712  mc_w.l(entry2.o)
    0x0800019c   0x0800019c   0x000000be   Code   RO         4377    .emb_text           port.o
    0x0800025a   0x0800025a   0x00000002   PAD
    0x0800025c   0x0800025c   0x00000024   Code   RO            4    .text               startup_stm32f407xx.o
    0x08000280   0x08000280   0x00000062   Code   RO         5617    .text               mc_w.l(uldiv.o)
    0x080002e2   0x080002e2   0x00000024   Code   RO         5619    .text               mc_w.l(memcpya.o)
    0x08000306   0x08000306   0x00000024   Code   RO         5623    .text               mc_w.l(memseta.o)
    0x0800032a   0x0800032a   0x0000001a   Code   RO         5625    .text               mc_w.l(memcmp.o)
    0x08000344   0x08000344   0x0000001e   Code   RO         5909    .text               mc_w.l(llshl.o)
    0x08000362   0x08000362   0x00000020   Code   RO         5911    .text               mc_w.l(llushr.o)
    0x08000382   0x08000382   0x00000002   PAD
    0x08000384   0x08000384   0x00000024   Code   RO         5924    .text               mc_w.l(init.o)
    0x080003a8   0x080003a8   0x00000000   Code   RO         5926    .text               mc_w.l(semi.o)
    0x080003a8   0x080003a8   0x00000000   Code   RO         5929    .text               mc_w.l(iusesemip.o)
    0x080003a8   0x080003a8   0x00000056   Code   RO         5940    .text               mc_w.l(__dczerorl2.o)
    0x080003fe   0x080003fe   0x00000002   Code   RO          363    i.BusFault_Handler  stm32f4xx_it.o
    0x08000400   0x08000400   0x00000084   Code   RO          364    i.CAN1_RX0_IRQHandler  stm32f4xx_it.o
    0x08000484   0x08000484   0x0000002c   Code   RO         4642    i.ConsumerHearbeatAlarm  lifegrd.o
    0x080004b0   0x080004b0   0x000000a0   Code   RO         4861    i.CopyBits          pdo.o
    0x08000550   0x08000550   0x00000002   Code   RO          365    i.DebugMon_Handler  stm32f4xx_it.o
    0x08000552   0x08000552   0x00000002   PAD
    0x08000554   0x08000554   0x0000002c   Code   RO         5305    i.DelAlarm          timer.o
    0x08000580   0x08000580   0x000000c8   Code   RO          537    i.HAL_CAN_AddTxMessage  stm32f4xx_hal_can.o
    0x08000648   0x08000648   0x00000002   Code   RO          541    i.HAL_CAN_ErrorCallback  stm32f4xx_hal_can.o
    0x0800064a   0x0800064a   0x000000e8   Code   RO          544    i.HAL_CAN_GetRxMessage  stm32f4xx_hal_can.o
    0x08000732   0x08000732   0x000001fc   Code   RO          548    i.HAL_CAN_IRQHandler  stm32f4xx_hal_can.o
    0x0800092e   0x0800092e   0x0000011a   Code   RO          549    i.HAL_CAN_Init      stm32f4xx_hal_can.o
    0x08000a48   0x08000a48   0x000000f0   Code   RO          447    i.HAL_CAN_MspInit   stm32f4xx_hal_msp.o
    0x08000b38   0x08000b38   0x00000002   Code   RO          556    i.HAL_CAN_RxFifo0FullCallback  stm32f4xx_hal_can.o
    0x08000b3a   0x08000b3a   0x00000002   Code   RO          557    i.HAL_CAN_RxFifo0MsgPendingCallback  stm32f4xx_hal_can.o
    0x08000b3c   0x08000b3c   0x00000002   Code   RO          558    i.HAL_CAN_RxFifo1FullCallback  stm32f4xx_hal_can.o
    0x08000b3e   0x08000b3e   0x00000002   Code   RO          559    i.HAL_CAN_RxFifo1MsgPendingCallback  stm32f4xx_hal_can.o
    0x08000b40   0x08000b40   0x00000002   Code   RO          560    i.HAL_CAN_SleepCallback  stm32f4xx_hal_can.o
    0x08000b42   0x08000b42   0x00000002   Code   RO          563    i.HAL_CAN_TxMailbox0AbortCallback  stm32f4xx_hal_can.o
    0x08000b44   0x08000b44   0x00000002   Code   RO          564    i.HAL_CAN_TxMailbox0CompleteCallback  stm32f4xx_hal_can.o
    0x08000b46   0x08000b46   0x00000002   Code   RO          565    i.HAL_CAN_TxMailbox1AbortCallback  stm32f4xx_hal_can.o
    0x08000b48   0x08000b48   0x00000002   Code   RO          566    i.HAL_CAN_TxMailbox1CompleteCallback  stm32f4xx_hal_can.o
    0x08000b4a   0x08000b4a   0x00000002   Code   RO          567    i.HAL_CAN_TxMailbox2AbortCallback  stm32f4xx_hal_can.o
    0x08000b4c   0x08000b4c   0x00000002   Code   RO          568    i.HAL_CAN_TxMailbox2CompleteCallback  stm32f4xx_hal_can.o
    0x08000b4e   0x08000b4e   0x00000002   Code   RO          570    i.HAL_CAN_WakeUpFromRxMsgCallback  stm32f4xx_hal_can.o
    0x08000b50   0x08000b50   0x00000024   Code   RO         2486    i.HAL_DMA_Abort_IT  stm32f4xx_hal_dma.o
    0x08000b74   0x08000b74   0x000001b0   Code   RO         2378    i.HAL_GPIO_Init     stm32f4xx_hal_gpio.o
    0x08000d24   0x08000d24   0x0000000c   Code   RO         2910    i.HAL_GetTick       stm32f4xx_hal.o
    0x08000d30   0x08000d30   0x00000010   Code   RO         2916    i.HAL_IncTick       stm32f4xx_hal.o
    0x08000d40   0x08000d40   0x00000034   Code   RO         2917    i.HAL_Init          stm32f4xx_hal.o
    0x08000d74   0x08000d74   0x00000074   Code   RO          496    i.HAL_InitTick      stm32f4xx_hal_timebase_tim.o
    0x08000de8   0x08000de8   0x00000038   Code   RO          448    i.HAL_MspInit       stm32f4xx_hal_msp.o
    0x08000e20   0x08000e20   0x0000001a   Code   RO         2767    i.HAL_NVIC_EnableIRQ  stm32f4xx_hal_cortex.o
    0x08000e3a   0x08000e3a   0x00000002   PAD
    0x08000e3c   0x08000e3c   0x00000040   Code   RO         2773    i.HAL_NVIC_SetPriority  stm32f4xx_hal_cortex.o
    0x08000e7c   0x08000e7c   0x00000024   Code   RO         2774    i.HAL_NVIC_SetPriorityGrouping  stm32f4xx_hal_cortex.o
    0x08000ea0   0x08000ea0   0x00000130   Code   RO         2024    i.HAL_RCC_ClockConfig  stm32f4xx_hal_rcc.o
    0x08000fd0   0x08000fd0   0x00000040   Code   RO         2028    i.HAL_RCC_GetClockConfig  stm32f4xx_hal_rcc.o
    0x08001010   0x08001010   0x00000020   Code   RO         2031    i.HAL_RCC_GetPCLK1Freq  stm32f4xx_hal_rcc.o
    0x08001030   0x08001030   0x00000020   Code   RO         2032    i.HAL_RCC_GetPCLK2Freq  stm32f4xx_hal_rcc.o
    0x08001050   0x08001050   0x00000064   Code   RO         2033    i.HAL_RCC_GetSysClockFreq  stm32f4xx_hal_rcc.o
    0x080010b4   0x080010b4   0x0000031c   Code   RO         2036    i.HAL_RCC_OscConfig  stm32f4xx_hal_rcc.o
    0x080013d0   0x080013d0   0x00000002   Code   RO         1446    i.HAL_TIMEx_BreakCallback  stm32f4xx_hal_tim_ex.o
    0x080013d2   0x080013d2   0x00000002   Code   RO         1447    i.HAL_TIMEx_CommutCallback  stm32f4xx_hal_tim_ex.o
    0x080013d4   0x080013d4   0x00000036   Code   RO          771    i.HAL_TIM_Base_Init  stm32f4xx_hal_tim.o
    0x0800140a   0x0800140a   0x00000002   Code   RO          773    i.HAL_TIM_Base_MspInit  stm32f4xx_hal_tim.o
    0x0800140c   0x0800140c   0x00000022   Code   RO          776    i.HAL_TIM_Base_Start_IT  stm32f4xx_hal_tim.o
    0x0800142e   0x0800142e   0x00000002   Code   RO          800    i.HAL_TIM_IC_CaptureCallback  stm32f4xx_hal_tim.o
    0x08001430   0x08001430   0x00000166   Code   RO          814    i.HAL_TIM_IRQHandler  stm32f4xx_hal_tim.o
    0x08001596   0x08001596   0x00000002   Code   RO          817    i.HAL_TIM_OC_DelayElapsedCallback  stm32f4xx_hal_tim.o
    0x08001598   0x08001598   0x00000002   Code   RO          844    i.HAL_TIM_PWM_PulseFinishedCallback  stm32f4xx_hal_tim.o
    0x0800159a   0x0800159a   0x00000002   PAD
    0x0800159c   0x0800159c   0x00000014   Code   RO          250    i.HAL_TIM_PeriodElapsedCallback  main.o
    0x080015b0   0x080015b0   0x00000002   Code   RO          857    i.HAL_TIM_TriggerCallback  stm32f4xx_hal_tim.o
    0x080015b2   0x080015b2   0x00000002   Code   RO         1718    i.HAL_UART_ErrorCallback  stm32f4xx_hal_uart.o
    0x080015b4   0x080015b4   0x00000110   Code   RO         1721    i.HAL_UART_IRQHandler  stm32f4xx_hal_uart.o
    0x080016c4   0x080016c4   0x00000062   Code   RO         1722    i.HAL_UART_Init     stm32f4xx_hal_uart.o
    0x08001726   0x08001726   0x00000002   PAD
    0x08001728   0x08001728   0x0000007c   Code   RO          450    i.HAL_UART_MspInit  stm32f4xx_hal_msp.o
    0x080017a4   0x080017a4   0x00000002   Code   RO         1728    i.HAL_UART_RxCpltCallback  stm32f4xx_hal_uart.o
    0x080017a6   0x080017a6   0x00000002   Code   RO         1733    i.HAL_UART_TxCpltCallback  stm32f4xx_hal_uart.o
    0x080017a8   0x080017a8   0x00000002   Code   RO          366    i.HardFault_Handler  stm32f4xx_it.o
    0x080017aa   0x080017aa   0x00000002   PAD
    0x080017ac   0x080017ac   0x00000034   Code   RO          251    i.MX_CAN1_Init      main.o
    0x080017e0   0x080017e0   0x00000034   Code   RO          252    i.MX_CAN2_Init      main.o
    0x08001814   0x08001814   0x00000002   Code   RO          367    i.MemManage_Handler  stm32f4xx_it.o
    0x08001816   0x08001816   0x00000002   PAD
    0x08001818   0x08001818   0x0000010c   Code   RO         5459    i.MySlave_scanIndexOD  myslave.o
    0x08001924   0x08001924   0x00000014   Code   RO         5460    i.MySlave_valueRangeTest  myslave.o
    0x08001938   0x08001938   0x00000002   Code   RO          368    i.NMI_Handler       stm32f4xx_it.o
    0x0800193a   0x0800193a   0x0000000a   Code   RO         5236    i.OnCOB_ID_SyncUpdate  sync.o
    0x08001944   0x08001944   0x00000012   Code   RO         4643    i.OnHeartbeatProducerUpdate  lifegrd.o
    0x08001956   0x08001956   0x00000002   PAD
    0x08001958   0x08001958   0x00000028   Code   RO         4574    i.OnNumberOfErrorsUpdate  emcy.o
    0x08001980   0x08001980   0x00000028   Code   RO         4862    i.PDOEventTimerAlarm  pdo.o
    0x080019a8   0x080019a8   0x0000002a   Code   RO         4863    i.PDOInhibitTimerAlarm  pdo.o
    0x080019d2   0x080019d2   0x00000002   PAD
    0x080019d4   0x080019d4   0x00000058   Code   RO         4864    i.PDOInit           pdo.o
    0x08001a2c   0x08001a2c   0x00000068   Code   RO         4865    i.PDOStop           pdo.o
    0x08001a94   0x08001a94   0x00000084   Code   RO         4644    i.ProducerHearbeatAlarm  lifegrd.o
    0x08001b18   0x08001b18   0x00000024   Code   RO         4807    i.RegisterSetODentryCallBack  objacces.o
    0x08001b3c   0x08001b3c   0x0000007c   Code   RO         4963    i.SDOTimeoutAlarm   sdo.o
    0x08001bb8   0x08001bb8   0x00000030   Code   RO         4964    i.SDOlineToObjdict  sdo.o
    0x08001be8   0x08001be8   0x00000036   Code   RO         4965    i.SDOtoLine         sdo.o
    0x08001c1e   0x08001c1e   0x00000002   PAD
    0x08001c20   0x08001c20   0x00000090   Code   RO         5306    i.SetAlarm          timer.o
    0x08001cb0   0x08001cb0   0x0000007c   Code   RO          253    i.StartDefaultTask  main.o
    0x08001d2c   0x08001d2c   0x00000004   Code   RO         5237    i.SyncAlarm         sync.o
    0x08001d30   0x08001d30   0x0000002c   Code   RO         4378    i.SysTick_Handler   port.o
    0x08001d5c   0x08001d5c   0x00000084   Code   RO          254    i.SystemClock_Config  main.o
    0x08001de0   0x08001de0   0x00000054   Code   RO         3153    i.SystemInit        system_stm32f4xx_1.o
    0x08001e34   0x08001e34   0x0000000c   Code   RO          369    i.TIM1_UP_TIM10_IRQHandler  stm32f4xx_it.o
    0x08001e40   0x08001e40   0x000000c8   Code   RO          859    i.TIM_Base_SetConfig  stm32f4xx_hal_tim.o
    0x08001f08   0x08001f08   0x00000066   Code   RO         4866    i.TPDO_Communication_Parameter_Callback  pdo.o
    0x08001f6e   0x08001f6e   0x00000010   Code   RO         1735    i.UART_DMAAbortOnError  stm32f4xx_hal_uart.o
    0x08001f7e   0x08001f7e   0x0000001c   Code   RO         1745    i.UART_EndRxTransfer  stm32f4xx_hal_uart.o
    0x08001f9a   0x08001f9a   0x00000096   Code   RO         1747    i.UART_Receive_IT   stm32f4xx_hal_uart.o
    0x08002030   0x08002030   0x000002ac   Code   RO         1748    i.UART_SetConfig    stm32f4xx_hal_uart.o
    0x080022dc   0x080022dc   0x00000062   Code   RO         1749    i.UART_Transmit_IT  stm32f4xx_hal_uart.o
    0x0800233e   0x0800233e   0x00000002   PAD
    0x08002340   0x08002340   0x0000000c   Code   RO          370    i.USART1_IRQHandler  stm32f4xx_it.o
    0x0800234c   0x0800234c   0x00000002   Code   RO          371    i.UsageFault_Handler  stm32f4xx_it.o
    0x0800234e   0x0800234e   0x00000002   Code   RO         4867    i._RxPDO_EventTimers_Handler  pdo.o
    0x08002350   0x08002350   0x00000020   Code   RO         5762    i.__0printf$5       mc_w.l(printf5.o)
    0x08002370   0x08002370   0x00000020   Code   RO         2780    i.__NVIC_SetPriority  stm32f4xx_hal_cortex.o
    0x08002390   0x08002390   0x0000000e   Code   RO         5934    i.__scatterload_copy  mc_w.l(handlers.o)
    0x0800239e   0x0800239e   0x00000002   Code   RO         5935    i.__scatterload_null  mc_w.l(handlers.o)
    0x080023a0   0x080023a0   0x0000000e   Code   RO         5936    i.__scatterload_zeroinit  mc_w.l(handlers.o)
    0x080023ae   0x080023ae   0x00000002   PAD
    0x080023b0   0x080023b0   0x000000cc   Code   RO         4808    i._getODentry       objacces.o
    0x0800247c   0x0800247c   0x00000002   Code   RO         4645    i._heartbeatError   lifegrd.o
    0x0800247e   0x0800247e   0x00000002   Code   RO         5157    i._initialisation   states.o
    0x08002480   0x08002480   0x00000002   Code   RO         5158    i._operational      states.o
    0x08002482   0x08002482   0x00000002   Code   RO         4646    i._post_SlaveBootup  lifegrd.o
    0x08002484   0x08002484   0x00000002   Code   RO         4647    i._post_SlaveStateChange  lifegrd.o
    0x08002486   0x08002486   0x00000002   Code   RO         5238    i._post_TPDO        sync.o
    0x08002488   0x08002488   0x00000002   Code   RO         4575    i._post_emcy        emcy.o
    0x0800248a   0x0800248a   0x00000002   Code   RO         5239    i._post_sync        sync.o
    0x0800248c   0x0800248c   0x00000020   Code   RO         5159    i._preOperational   states.o
    0x080024ac   0x080024ac   0x000002c0   Code   RO         5769    i._printf_core      mc_w.l(printf5.o)
    0x0800276c   0x0800276c   0x0000011c   Code   RO         4868    i._sendPDOevent     pdo.o
    0x08002888   0x08002888   0x000000f0   Code   RO         4809    i._setODentry       objacces.o
    0x08002978   0x08002978   0x00000002   Code   RO         5160    i._stopped          states.o
    0x0800297a   0x0800297a   0x00000002   Code   RO         4810    i._storeODSubIndex  objacces.o
    0x0800297c   0x0800297c   0x000000d6   Code   RO         4869    i.buildPDO          pdo.o
    0x08002a52   0x08002a52   0x0000007a   Code   RO         5161    i.canDispatch       states.o
    0x08002acc   0x08002acc   0x00000068   Code   RO         5349    i.canSend           can_stm32.o
    0x08002b34   0x08002b34   0x00000220   Code   RO           13    i.canopen_dataprocess_thread  canopen.o
    0x08002d54   0x08002d54   0x00000020   Code   RO         4576    i.emergencyInit     emcy.o
    0x08002d74   0x08002d74   0x00000002   Code   RO         4577    i.emergencyStop     emcy.o
    0x08002d76   0x08002d76   0x00000088   Code   RO         4969    i.failedSDO         sdo.o
    0x08002dfe   0x08002dfe   0x00000012   Code   RO         5904    i.fputc             mc_w.l(fputc.o)
    0x08002e10   0x08002e10   0x00000018   Code   RO         5414    i.getElapsedTime    timer_stm32.o
    0x08002e28   0x08002e28   0x00000006   Code   RO         5162    i.getNodeId         states.o
    0x08002e2e   0x08002e2e   0x00000030   Code   RO         4971    i.getSDOfreeLine    sdo.o
    0x08002e5e   0x08002e5e   0x0000003a   Code   RO         4972    i.getSDOlineOnUse   sdo.o
    0x08002e98   0x08002e98   0x00000016   Code   RO         4973    i.getSDOlineRestBytes  sdo.o
    0x08002eae   0x08002eae   0x00000002   PAD
    0x08002eb0   0x08002eb0   0x00000074   Code   RO         4649    i.heartbeatInit     lifegrd.o
    0x08002f24   0x08002f24   0x00000036   Code   RO         4650    i.heartbeatStop     lifegrd.o
    0x08002f5a   0x08002f5a   0x00000002   PAD
    0x08002f5c   0x08002f5c   0x00000088   Code   RO         4976    i.initSDOline       sdo.o
    0x08002fe4   0x08002fe4   0x00000010   Code   RO         5415    i.initTimer         timer_stm32.o
    0x08002ff4   0x08002ff4   0x0000003c   Code   RO         4977    i.lineToSDO         sdo.o
    0x08003030   0x08003030   0x000000ac   Code   RO          255    i.main              main.o
    0x080030dc   0x080030dc   0x0000000c   Code   RO         3949    i.makeFreeRtosPriority  cmsis_os.o
    0x080030e8   0x080030e8   0x00000026   Code   RO         4743    i.masterSendNMTstateChange  nmtmaster.o
    0x0800310e   0x0800310e   0x0000003c   Code   RO         4978    i.objdictToSDOline  sdo.o
    0x0800314a   0x0800314a   0x0000000e   Code   RO         3951    i.osDelay           cmsis_os.o
    0x08003158   0x08003158   0x0000000a   Code   RO         3954    i.osKernelStart     cmsis_os.o
    0x08003162   0x08003162   0x00000054   Code   RO         3988    i.osThreadCreate    cmsis_os.o
    0x080031b6   0x080031b6   0x00000022   Code   RO         4578    i.proceedEMCY       emcy.o
    0x080031d8   0x080031d8   0x00000096   Code   RO         4777    i.proceedNMTstateChange  nmtslave.o
    0x0800326e   0x0800326e   0x00000002   PAD
    0x08003270   0x08003270   0x000000ec   Code   RO         4651    i.proceedNODE_GUARD  lifegrd.o
    0x0800335c   0x0800335c   0x00000228   Code   RO         4870    i.proceedPDO        pdo.o
    0x08003584   0x08003584   0x00001264   Code   RO         4979    i.proceedSDO        sdo.o
    0x080047e8   0x080047e8   0x00000028   Code   RO         5240    i.proceedSYNC       sync.o
    0x08004810   0x08004810   0x00000070   Code   RO         3646    i.prvAddCurrentTaskToDelayedList  tasks.o
    0x08004880   0x08004880   0x000000d0   Code   RO         3647    i.prvAddNewTaskToReadyList  tasks.o
    0x08004950   0x08004950   0x00000026   Code   RO         3331    i.prvCopyDataFromQueue  queue.o
    0x08004976   0x08004976   0x0000006c   Code   RO         3332    i.prvCopyDataToQueue  queue.o
    0x080049e2   0x080049e2   0x00000034   Code   RO         3648    i.prvDeleteTCB      tasks.o
    0x08004a16   0x08004a16   0x00000002   PAD
    0x08004a18   0x08004a18   0x0000004c   Code   RO         4316    i.prvHeapInit       heap_4.o
    0x08004a64   0x08004a64   0x00000060   Code   RO         3649    i.prvIdleTask       tasks.o
    0x08004ac4   0x08004ac4   0x00000016   Code   RO         3334    i.prvInitialiseNewQueue  queue.o
    0x08004ada   0x08004ada   0x0000008e   Code   RO         3650    i.prvInitialiseNewTask  tasks.o
    0x08004b68   0x08004b68   0x0000004c   Code   RO         4317    i.prvInsertBlockIntoFreeList  heap_4.o
    0x08004bb4   0x08004bb4   0x0000001c   Code   RO         3335    i.prvIsQueueEmpty   queue.o
    0x08004bd0   0x08004bd0   0x00000020   Code   RO         3651    i.prvResetNextTaskUnblockTime  tasks.o
    0x08004bf0   0x08004bf0   0x00000028   Code   RO         4379    i.prvTaskExitError  port.o
    0x08004c18   0x08004c18   0x0000006a   Code   RO         3336    i.prvUnlockQueue    queue.o
    0x08004c82   0x08004c82   0x00000002   PAD
    0x08004c84   0x08004c84   0x000000d8   Code   RO         4318    i.pvPortMalloc      heap_4.o
    0x08004d5c   0x08004d5c   0x0000002c   Code   RO         4380    i.pxPortInitialiseStack  port.o
    0x08004d88   0x08004d88   0x00000018   Code   RO         4983    i.resetSDO          sdo.o
    0x08004da0   0x08004da0   0x00000032   Code   RO         4984    i.resetSDOline      sdo.o
    0x08004dd2   0x08004dd2   0x00000016   Code   RO         4812    i.scanIndexOD       objacces.o
    0x08004de8   0x08004de8   0x00000108   Code   RO         4871    i.sendOnePDOevent   pdo.o
    0x08004ef0   0x08004ef0   0x00000028   Code   RO         4874    i.sendPdo           pdo.o
    0x08004f18   0x08004f18   0x00000078   Code   RO         4985    i.sendSDO           sdo.o
    0x08004f90   0x08004f90   0x00000038   Code   RO         4986    i.sendSDOabort      sdo.o
    0x08004fc8   0x08004fc8   0x00000014   Code   RO         5241    i.sendSYNC          sync.o
    0x08004fdc   0x08004fdc   0x00000022   Code   RO         5242    i.sendSYNCMessage   sync.o
    0x08004ffe   0x08004ffe   0x00000002   PAD
    0x08005000   0x08005000   0x00000134   Code   RO         5164    i.setNodeId         states.o
    0x08005134   0x08005134   0x00000016   Code   RO         4987    i.setSDOlineRestBytes  sdo.o
    0x0800514a   0x0800514a   0x00000002   PAD
    0x0800514c   0x0800514c   0x000000a4   Code   RO         5165    i.setState          states.o
    0x080051f0   0x080051f0   0x00000010   Code   RO         5416    i.setTimer          timer_stm32.o
    0x08005200   0x08005200   0x0000002a   Code   RO         4778    i.slaveSendBootUp   nmtslave.o
    0x0800522a   0x0800522a   0x00000002   PAD
    0x0800522c   0x0800522c   0x00000068   Code   RO         5243    i.startSYNC         sync.o
    0x08005294   0x08005294   0x0000002c   Code   RO         5244    i.stopSYNC          sync.o
    0x080052c0   0x080052c0   0x000000ea   Code   RO         5166    i.switchCommunicationState  states.o
    0x080053aa   0x080053aa   0x00000026   Code   RO         3291    i.uxListRemove      list.o
    0x080053d0   0x080053d0   0x00000014   Code   RO          337    i.vApplicationGetIdleTaskMemory  freertos.o
    0x080053e4   0x080053e4   0x00000016   Code   RO         3292    i.vListInitialise   list.o
    0x080053fa   0x080053fa   0x00000006   Code   RO         3293    i.vListInitialiseItem  list.o
    0x08005400   0x08005400   0x00000030   Code   RO         3294    i.vListInsert       list.o
    0x08005430   0x08005430   0x00000018   Code   RO         3295    i.vListInsertEnd    list.o
    0x08005448   0x08005448   0x00000040   Code   RO         4382    i.vPortEnterCritical  port.o
    0x08005488   0x08005488   0x00000028   Code   RO         4383    i.vPortExitCritical  port.o
    0x080054b0   0x080054b0   0x0000005c   Code   RO         4319    i.vPortFree         heap_4.o
    0x0800550c   0x0800550c   0x00000024   Code   RO         4384    i.vPortSetupTimerInterrupt  port.o
    0x08005530   0x08005530   0x00000054   Code   RO         4385    i.vPortValidateInterruptPriority  port.o
    0x08005584   0x08005584   0x0000004c   Code   RO         3659    i.vTaskDelay        tasks.o
    0x080055d0   0x080055d0   0x00000010   Code   RO         3662    i.vTaskInternalSetTimeOutState  tasks.o
    0x080055e0   0x080055e0   0x0000000c   Code   RO         3663    i.vTaskMissedYield  tasks.o
    0x080055ec   0x080055ec   0x00000030   Code   RO         3665    i.vTaskPlaceOnEventList  tasks.o
    0x0800561c   0x0800561c   0x0000006c   Code   RO         3672    i.vTaskStartScheduler  tasks.o
    0x08005688   0x08005688   0x00000010   Code   RO         3674    i.vTaskSuspendAll   tasks.o
    0x08005698   0x08005698   0x0000005c   Code   RO         3675    i.vTaskSwitchContext  tasks.o
    0x080056f4   0x080056f4   0x000000f4   Code   RO         4386    i.xPortStartScheduler  port.o
    0x080057e8   0x080057e8   0x00000048   Code   RO         3345    i.xQueueGenericCreate  queue.o
    0x08005830   0x08005830   0x00000088   Code   RO         3347    i.xQueueGenericReset  queue.o
    0x080058b8   0x080058b8   0x000000bc   Code   RO         3349    i.xQueueGenericSendFromISR  queue.o
    0x08005974   0x08005974   0x00000138   Code   RO         3355    i.xQueueReceive     queue.o
    0x08005aac   0x08005aac   0x00000074   Code   RO         3676    i.xTaskCheckForTimeOut  tasks.o
    0x08005b20   0x08005b20   0x0000005a   Code   RO         3677    i.xTaskCreate       tasks.o
    0x08005b7a   0x08005b7a   0x00000056   Code   RO         3678    i.xTaskCreateStatic  tasks.o
    0x08005bd0   0x08005bd0   0x0000001c   Code   RO         3682    i.xTaskGetSchedulerState  tasks.o
    0x08005bec   0x08005bec   0x000000c8   Code   RO         3685    i.xTaskIncrementTick  tasks.o
    0x08005cb4   0x08005cb4   0x00000098   Code   RO         3688    i.xTaskPriorityDisinherit  tasks.o
    0x08005d4c   0x08005d4c   0x00000074   Code   RO         3690    i.xTaskRemoveFromEventList  tasks.o
    0x08005dc0   0x08005dc0   0x000000c4   Code   RO         3691    i.xTaskResumeAll    tasks.o
    0x08005e84   0x08005e84   0x00000038   Data   RO          258    .constdata          main.o
    0x08005ebc   0x08005ebc   0x00000010   Data   RO         3154    .constdata          system_stm32f4xx_1.o
    0x08005ecc   0x08005ecc   0x00000008   Data   RO         3155    .constdata          system_stm32f4xx_1.o
    0x08005ed4   0x08005ed4   0x00000040   Data   RO         5167    .constdata          states.o
    0x08005f14   0x08005f14   0x00000001   Data   RO         5469    .constdata          myslave.o
    0x08005f15   0x08005f15   0x00000003   PAD
    0x08005f18   0x08005f18   0x000000a8   Data   RO         5470    .constdata          myslave.o
    0x08005fc0   0x08005fc0   0x0000000c   Data   RO         5471    .constdata          myslave.o
    0x08005fcc   0x08005fcc   0x0000000c   Data   RO         5472    .constdata          myslave.o
    0x08005fd8   0x08005fd8   0x00000002   Data   RO         5473    .constdata          myslave.o
    0x08005fda   0x08005fda   0x00000002   PAD
    0x08005fdc   0x08005fdc   0x00000014   Data   RO          259    .conststring        main.o
    0x08005ff0   0x08005ff0   0x00000020   Data   RO         5932    Region$$Table       anon$$obj.o


    Execution Region RW_IRAM1 (Exec base: 0x20000000, Load base: 0x08006010, Size: 0x00005020, Max: 0x00020000, ABSOLUTE, COMPRESSED[0x000002c4])

    Exec Addr    Load Addr    Size         Type   Attr      Idx    E Section Name        Object

    0x20000000   COMPRESSED   0x00000008   Data   RW           14    .data               canopen.o
    0x20000008   COMPRESSED   0x00000014   Data   RW          260    .data               main.o
    0x2000001c   COMPRESSED   0x00000004   Data   RW          451    .data               stm32f4xx_hal_msp.o
    0x20000020   COMPRESSED   0x0000000c   Data   RW         2924    .data               stm32f4xx_hal.o
    0x2000002c   COMPRESSED   0x00000004   Data   RW         3156    .data               system_stm32f4xx_1.o
    0x20000030   COMPRESSED   0x0000003c   Data   RW         3694    .data               tasks.o
    0x2000006c   COMPRESSED   0x00000018   Data   RW         4324    .data               heap_4.o
    0x20000084   COMPRESSED   0x0000000c   Data   RW         4387    .data               port.o
    0x20000090   COMPRESSED   0x00000008   Data   RW         5309    .data               timer.o
    0x20000098   COMPRESSED   0x0000000c   Data   RW         5418    .data               timer_stm32.o
    0x200000a4   COMPRESSED   0x00000001   Data   RW         5474    .data               myslave.o
    0x200000a5   COMPRESSED   0x00000003   PAD
    0x200000a8   COMPRESSED   0x00000004   Data   RW         5475    .data               myslave.o
    0x200000ac   COMPRESSED   0x0000000c   Data   RW         5476    .data               myslave.o
    0x200000b8   COMPRESSED   0x00000001   Data   RW         5477    .data               myslave.o
    0x200000b9   COMPRESSED   0x00000003   PAD
    0x200000bc   COMPRESSED   0x0000000c   Data   RW         5478    .data               myslave.o
    0x200000c8   COMPRESSED   0x00000001   Data   RW         5479    .data               myslave.o
    0x200000c9   COMPRESSED   0x00000003   PAD
    0x200000cc   COMPRESSED   0x00000004   Data   RW         5480    .data               myslave.o
    0x200000d0   COMPRESSED   0x00000004   Data   RW         5482    .data               myslave.o
    0x200000d4   COMPRESSED   0x00000004   Data   RW         5483    .data               myslave.o
    0x200000d8   COMPRESSED   0x00000004   Data   RW         5486    .data               myslave.o
    0x200000dc   COMPRESSED   0x00000001   Data   RW         5487    .data               myslave.o
    0x200000dd   COMPRESSED   0x00000003   PAD
    0x200000e0   COMPRESSED   0x00000004   Data   RW         5488    .data               myslave.o
    0x200000e4   COMPRESSED   0x00000002   Data   RW         5489    .data               myslave.o
    0x200000e6   COMPRESSED   0x00000002   PAD
    0x200000e8   COMPRESSED   0x0000000c   Data   RW         5490    .data               myslave.o
    0x200000f4   COMPRESSED   0x00000001   Data   RW         5491    .data               myslave.o
    0x200000f5   COMPRESSED   0x00000003   PAD
    0x200000f8   COMPRESSED   0x00000004   Data   RW         5492    .data               myslave.o
    0x200000fc   COMPRESSED   0x00000004   Data   RW         5493    .data               myslave.o
    0x20000100   COMPRESSED   0x00000004   Data   RW         5494    .data               myslave.o
    0x20000104   COMPRESSED   0x00000004   Data   RW         5495    .data               myslave.o
    0x20000108   COMPRESSED   0x0000003c   Data   RW         5496    .data               myslave.o
    0x20000144   COMPRESSED   0x00000001   Data   RW         5497    .data               myslave.o
    0x20000145   COMPRESSED   0x00000003   PAD
    0x20000148   COMPRESSED   0x00000004   Data   RW         5498    .data               myslave.o
    0x2000014c   COMPRESSED   0x00000004   Data   RW         5499    .data               myslave.o
    0x20000150   COMPRESSED   0x00000024   Data   RW         5500    .data               myslave.o
    0x20000174   COMPRESSED   0x00000001   Data   RW         5501    .data               myslave.o
    0x20000175   COMPRESSED   0x00000003   PAD
    0x20000178   COMPRESSED   0x00000004   Data   RW         5502    .data               myslave.o
    0x2000017c   COMPRESSED   0x00000001   Data   RW         5503    .data               myslave.o
    0x2000017d   COMPRESSED   0x00000001   PAD
    0x2000017e   COMPRESSED   0x00000002   Data   RW         5504    .data               myslave.o
    0x20000180   COMPRESSED   0x00000001   Data   RW         5505    .data               myslave.o
    0x20000181   COMPRESSED   0x00000001   PAD
    0x20000182   COMPRESSED   0x00000002   Data   RW         5506    .data               myslave.o
    0x20000184   COMPRESSED   0x00000001   Data   RW         5507    .data               myslave.o
    0x20000185   COMPRESSED   0x00000003   PAD
    0x20000188   COMPRESSED   0x00000054   Data   RW         5508    .data               myslave.o
    0x200001dc   COMPRESSED   0x00000001   Data   RW         5509    .data               myslave.o
    0x200001dd   COMPRESSED   0x00000003   PAD
    0x200001e0   COMPRESSED   0x00000004   Data   RW         5510    .data               myslave.o
    0x200001e4   COMPRESSED   0x00000001   Data   RW         5511    .data               myslave.o
    0x200001e5   COMPRESSED   0x00000001   PAD
    0x200001e6   COMPRESSED   0x00000002   Data   RW         5512    .data               myslave.o
    0x200001e8   COMPRESSED   0x00000001   Data   RW         5513    .data               myslave.o
    0x200001e9   COMPRESSED   0x00000001   PAD
    0x200001ea   COMPRESSED   0x00000002   Data   RW         5514    .data               myslave.o
    0x200001ec   COMPRESSED   0x00000001   Data   RW         5515    .data               myslave.o
    0x200001ed   COMPRESSED   0x00000003   PAD
    0x200001f0   COMPRESSED   0x00000054   Data   RW         5516    .data               myslave.o
    0x20000244   COMPRESSED   0x00000001   Data   RW         5517    .data               myslave.o
    0x20000245   COMPRESSED   0x00000003   PAD
    0x20000248   COMPRESSED   0x00000004   Data   RW         5518    .data               myslave.o
    0x2000024c   COMPRESSED   0x00000001   Data   RW         5519    .data               myslave.o
    0x2000024d   COMPRESSED   0x00000001   PAD
    0x2000024e   COMPRESSED   0x00000002   Data   RW         5520    .data               myslave.o
    0x20000250   COMPRESSED   0x00000001   Data   RW         5521    .data               myslave.o
    0x20000251   COMPRESSED   0x00000001   PAD
    0x20000252   COMPRESSED   0x00000002   Data   RW         5522    .data               myslave.o
    0x20000254   COMPRESSED   0x00000001   Data   RW         5523    .data               myslave.o
    0x20000255   COMPRESSED   0x00000003   PAD
    0x20000258   COMPRESSED   0x00000054   Data   RW         5524    .data               myslave.o
    0x200002ac   COMPRESSED   0x00000001   Data   RW         5525    .data               myslave.o
    0x200002ad   COMPRESSED   0x00000003   PAD
    0x200002b0   COMPRESSED   0x00000004   Data   RW         5526    .data               myslave.o
    0x200002b4   COMPRESSED   0x00000001   Data   RW         5527    .data               myslave.o
    0x200002b5   COMPRESSED   0x00000001   PAD
    0x200002b6   COMPRESSED   0x00000002   Data   RW         5528    .data               myslave.o
    0x200002b8   COMPRESSED   0x00000001   Data   RW         5529    .data               myslave.o
    0x200002b9   COMPRESSED   0x00000001   PAD
    0x200002ba   COMPRESSED   0x00000002   Data   RW         5530    .data               myslave.o
    0x200002bc   COMPRESSED   0x00000001   Data   RW         5531    .data               myslave.o
    0x200002bd   COMPRESSED   0x00000003   PAD
    0x200002c0   COMPRESSED   0x00000054   Data   RW         5532    .data               myslave.o
    0x20000314   COMPRESSED   0x00000001   Data   RW         5533    .data               myslave.o
    0x20000315   COMPRESSED   0x00000003   PAD
    0x20000318   COMPRESSED   0x0000006c   Data   RW         5534    .data               myslave.o
    0x20000384   COMPRESSED   0x00000001   Data   RW         5535    .data               myslave.o
    0x20000385   COMPRESSED   0x00000003   PAD
    0x20000388   COMPRESSED   0x0000006c   Data   RW         5536    .data               myslave.o
    0x200003f4   COMPRESSED   0x00000001   Data   RW         5537    .data               myslave.o
    0x200003f5   COMPRESSED   0x00000003   PAD
    0x200003f8   COMPRESSED   0x0000006c   Data   RW         5538    .data               myslave.o
    0x20000464   COMPRESSED   0x00000001   Data   RW         5539    .data               myslave.o
    0x20000465   COMPRESSED   0x00000003   PAD
    0x20000468   COMPRESSED   0x0000006c   Data   RW         5540    .data               myslave.o
    0x200004d4   COMPRESSED   0x00000001   Data   RW         5541    .data               myslave.o
    0x200004d5   COMPRESSED   0x00000003   PAD
    0x200004d8   COMPRESSED   0x00000004   Data   RW         5542    .data               myslave.o
    0x200004dc   COMPRESSED   0x00000001   Data   RW         5543    .data               myslave.o
    0x200004dd   COMPRESSED   0x00000001   PAD
    0x200004de   COMPRESSED   0x00000002   Data   RW         5544    .data               myslave.o
    0x200004e0   COMPRESSED   0x00000001   Data   RW         5545    .data               myslave.o
    0x200004e1   COMPRESSED   0x00000001   PAD
    0x200004e2   COMPRESSED   0x00000002   Data   RW         5546    .data               myslave.o
    0x200004e4   COMPRESSED   0x00000001   Data   RW         5547    .data               myslave.o
    0x200004e5   COMPRESSED   0x00000003   PAD
    0x200004e8   COMPRESSED   0x00000054   Data   RW         5548    .data               myslave.o
    0x2000053c   COMPRESSED   0x00000001   Data   RW         5549    .data               myslave.o
    0x2000053d   COMPRESSED   0x00000003   PAD
    0x20000540   COMPRESSED   0x00000004   Data   RW         5550    .data               myslave.o
    0x20000544   COMPRESSED   0x00000001   Data   RW         5551    .data               myslave.o
    0x20000545   COMPRESSED   0x00000001   PAD
    0x20000546   COMPRESSED   0x00000002   Data   RW         5552    .data               myslave.o
    0x20000548   COMPRESSED   0x00000001   Data   RW         5553    .data               myslave.o
    0x20000549   COMPRESSED   0x00000001   PAD
    0x2000054a   COMPRESSED   0x00000002   Data   RW         5554    .data               myslave.o
    0x2000054c   COMPRESSED   0x00000001   Data   RW         5555    .data               myslave.o
    0x2000054d   COMPRESSED   0x00000003   PAD
    0x20000550   COMPRESSED   0x00000054   Data   RW         5556    .data               myslave.o
    0x200005a4   COMPRESSED   0x00000001   Data   RW         5557    .data               myslave.o
    0x200005a5   COMPRESSED   0x00000003   PAD
    0x200005a8   COMPRESSED   0x00000004   Data   RW         5558    .data               myslave.o
    0x200005ac   COMPRESSED   0x00000001   Data   RW         5559    .data               myslave.o
    0x200005ad   COMPRESSED   0x00000001   PAD
    0x200005ae   COMPRESSED   0x00000002   Data   RW         5560    .data               myslave.o
    0x200005b0   COMPRESSED   0x00000001   Data   RW         5561    .data               myslave.o
    0x200005b1   COMPRESSED   0x00000001   PAD
    0x200005b2   COMPRESSED   0x00000002   Data   RW         5562    .data               myslave.o
    0x200005b4   COMPRESSED   0x00000001   Data   RW         5563    .data               myslave.o
    0x200005b5   COMPRESSED   0x00000003   PAD
    0x200005b8   COMPRESSED   0x00000054   Data   RW         5564    .data               myslave.o
    0x2000060c   COMPRESSED   0x00000001   Data   RW         5565    .data               myslave.o
    0x2000060d   COMPRESSED   0x00000003   PAD
    0x20000610   COMPRESSED   0x00000004   Data   RW         5566    .data               myslave.o
    0x20000614   COMPRESSED   0x00000001   Data   RW         5567    .data               myslave.o
    0x20000615   COMPRESSED   0x00000001   PAD
    0x20000616   COMPRESSED   0x00000002   Data   RW         5568    .data               myslave.o
    0x20000618   COMPRESSED   0x00000001   Data   RW         5569    .data               myslave.o
    0x20000619   COMPRESSED   0x00000001   PAD
    0x2000061a   COMPRESSED   0x00000002   Data   RW         5570    .data               myslave.o
    0x2000061c   COMPRESSED   0x00000001   Data   RW         5571    .data               myslave.o
    0x2000061d   COMPRESSED   0x00000003   PAD
    0x20000620   COMPRESSED   0x00000054   Data   RW         5572    .data               myslave.o
    0x20000674   COMPRESSED   0x00000001   Data   RW         5573    .data               myslave.o
    0x20000675   COMPRESSED   0x00000003   PAD
    0x20000678   COMPRESSED   0x0000006c   Data   RW         5574    .data               myslave.o
    0x200006e4   COMPRESSED   0x00000001   Data   RW         5575    .data               myslave.o
    0x200006e5   COMPRESSED   0x00000003   PAD
    0x200006e8   COMPRESSED   0x0000006c   Data   RW         5576    .data               myslave.o
    0x20000754   COMPRESSED   0x00000001   Data   RW         5577    .data               myslave.o
    0x20000755   COMPRESSED   0x00000003   PAD
    0x20000758   COMPRESSED   0x0000006c   Data   RW         5578    .data               myslave.o
    0x200007c4   COMPRESSED   0x00000001   Data   RW         5579    .data               myslave.o
    0x200007c5   COMPRESSED   0x00000003   PAD
    0x200007c8   COMPRESSED   0x0000006c   Data   RW         5580    .data               myslave.o
    0x20000834   COMPRESSED   0x00000048   Data   RW         5581    .data               myslave.o
    0x2000087c   COMPRESSED   0x000001ac   Data   RW         5582    .data               myslave.o
    0x20000a28   COMPRESSED   0x00000002   Data   RW         5583    .data               myslave.o
    0x20000a2a   COMPRESSED   0x00000002   PAD
    0x20000a2c   COMPRESSED   0x00000004   Data   RW         5906    .data               mc_w.l(stdout.o)
    0x20000a30        -       0x000000a8   Zero   RW          256    .bss                main.o
    0x20000ad8        -       0x00000254   Zero   RW          338    .bss                freertos.o
    0x20000d2c        -       0x00000040   Zero   RW          499    .bss                stm32f4xx_hal_timebase_tim.o
    0x20000d6c        -       0x000000f0   Zero   RW         3693    .bss                tasks.o
    0x20000e5c        -       0x00003c00   Zero   RW         4323    .bss                heap_4.o
    0x20004a5c        -       0x000000c0   Zero   RW         5308    .bss                timer.o
    0x20004b1c        -       0x00000020   Zero   RW         5461    .bss                myslave.o
    0x20004b3c        -       0x00000020   Zero   RW         5462    .bss                myslave.o
    0x20004b5c        -       0x00000020   Zero   RW         5463    .bss                myslave.o
    0x20004b7c        -       0x00000020   Zero   RW         5464    .bss                myslave.o
    0x20004b9c        -       0x00000020   Zero   RW         5465    .bss                myslave.o
    0x20004bbc        -       0x00000020   Zero   RW         5466    .bss                myslave.o
    0x20004bdc        -       0x00000020   Zero   RW         5467    .bss                myslave.o
    0x20004bfc        -       0x00000020   Zero   RW         5468    .bss                myslave.o
    0x20004c1c   COMPRESSED   0x00000004   PAD
    0x20004c20        -       0x00000400   Zero   RW            1    STACK               startup_stm32f407xx.o


==============================================================================

Image component sizes


      Code (inc. data)   RO Data    RW Data    ZI Data      Debug   Object Name

       104         30          0          0          0       1798   can_stm32.o
       544        320          0          8          0     730293   canopen.o
       120          0          0          0          0      22505   cmsis_os.o
         0          0          0          0          0      10448   dcf.o
       110          6          0          0          0       3256   emcy.o
         0          0          0          0          0      18160   event_groups.o
        20          4          0          0        596       1232   freertos.o
       460         24          0         24      15360       7387   heap_4.o
       606         64          0          0          0       6503   lifegrd.o
       138          0          0          0          0       3598   list.o
       552        104         76         20        168      18146   main.o
       288         14        195       2330        256      11266   myslave.o
        38          0          0          0          0        743   nmtmaster.o
       192          0          0          0          0       1602   nmtslave.o
       504         28          0          0          0       5630   objacces.o
      1892         14          0          0          0      12738   pdo.o
       786         82          0         12          0      12045   port.o
      1010          8          0          0          0      11150   queue.o
      5726         42          0          0          0      19175   sdo.o
        36          8        392          0       1024        844   startup_stm32f407xx.o
       872         26         64          0          0       7858   states.o
        80         14          0         12          0       3290   stm32f4xx_hal.o
      1248          0          0          0          0      12461   stm32f4xx_hal_can.o
       158         14          0          0          0      33202   stm32f4xx_hal_cortex.o
        36          0          0          0          0       1227   stm32f4xx_hal_dma.o
       432         44          0          0          0       1776   stm32f4xx_hal_gpio.o
       420         44          0          4          0       2723   stm32f4xx_hal_msp.o
      1328         90          0          0          0       5865   stm32f4xx_hal_rcc.o
       656         44          0          0          0       7340   stm32f4xx_hal_tim.o
         4          0          0          0          0       1625   stm32f4xx_hal_tim_ex.o
       116         16          0          0         64       1419   stm32f4xx_hal_timebase_tim.o
      1352         14          0          0          0       7531   stm32f4xx_hal_uart.o
       168         56          0          0          0       4402   stm32f4xx_it.o
         0          0          0          0          0        392   stream_buffer.o
       260          8          0          0          0       5948   sync.o
        84         18         24          4          0       1183   system_stm32f4xx_1.o
      1994        148          0         60        240      22386   tasks.o
       188         18          0          8        192       3467   timer.o
        56         18          0         12          0       2132   timer_stm32.o

    ----------------------------------------------------------------------
     22616       1320        788       2604      17904    1024746   Object Totals
         0          0         32          0          0          0   (incl. Generated)
        38          0          5        110          4          0   (incl. Padding)

    ----------------------------------------------------------------------

      Code (inc. data)   RO Data    RW Data    ZI Data      Debug   Library Member Name

        86          0          0          0          0          0   __dczerorl2.o
         0          0          0          0          0          0   entry.o
         0          0          0          0          0          0   entry10a.o
         0          0          0          0          0          0   entry11a.o
         8          4          0          0          0          0   entry2.o
         4          0          0          0          0          0   entry5.o
         0          0          0          0          0          0   entry7b.o
         0          0          0          0          0          0   entry8b.o
         8          4          0          0          0          0   entry9a.o
        18          0          0          0          0         80   fputc.o
        30          0          0          0          0          0   handlers.o
        36          8          0          0          0         68   init.o
         0          0          0          0          0          0   iusesemip.o
        30          0          0          0          0         68   llshl.o
        32          0          0          0          0         68   llushr.o
        26          0          0          0          0         80   memcmp.o
        36          0          0          0          0         68   memcpya.o
        36          0          0          0          0        108   memseta.o
       736         56          0          0          0        184   printf5.o
         0          0          0          0          0          0   semi.o
         0          0          0          4          0          0   stdout.o
        98          0          0          0          0         92   uldiv.o

    ----------------------------------------------------------------------
      1188         72          0          4          0        816   Library Totals
         4          0          0          0          0          0   (incl. Padding)

    ----------------------------------------------------------------------

      Code (inc. data)   RO Data    RW Data    ZI Data      Debug   Library Name

      1184         72          0          4          0        816   mc_w.l

    ----------------------------------------------------------------------
      1188         72          0          4          0        816   Library Totals

    ----------------------------------------------------------------------

==============================================================================


      Code (inc. data)   RO Data    RW Data    ZI Data      Debug   

     23804       1392        788       2608      17904    1005882   Grand Totals
     23804       1392        788        708      17904    1005882   ELF Image Totals (compressed)
     23804       1392        788        708          0          0   ROM Totals

==============================================================================

    Total RO  Size (Code + RO Data)                24592 (  24.02kB)
    Total RW  Size (RW Data + ZI Data)             20512 (  20.03kB)
    Total ROM Size (Code + RO Data + RW Data)      25300 (  24.71kB)

==============================================================================

